[    0.000000] Linux version 6.11.0-14-generic (buildd@lcy02-amd64-032) (x86_64-linux-gnu-gcc-14 (Ubuntu 14.2.0-4ubuntu2) 14.2.0, GNU ld (GNU Binutils for Ubuntu) 2.43.1) #15-Ubuntu SMP PREEMPT_DYNAMIC Fri Jan 10 23:48:25 UTC 2025 (Ubuntu 6.11.0-14.15-generic 6.11.0)
[    0.000000] Command line: BOOT_IMAGE=/boot/vmlinuz-6.11.0-14-generic root=UUID=abc65a0c-ce89-4894-b332-911175a6bc23 ro quiet splash crashkernel=2G-4G:320M,4G-32G:512M,32G-64G:1024M,64G-128G:2048M,128G-:4096M
[    0.000000] KERNEL supported cpus:
[    0.000000]   Intel GenuineIntel
[    0.000000]   AMD AuthenticAMD
[    0.000000]   Hygon HygonGenuine
[    0.000000]   Centaur CentaurHauls
[    0.000000]   zhaoxin   Shanghai  
[    0.000000] Disabled fast string operations
[    0.000000] BIOS-provided physical RAM map:
[    0.000000] BIOS-e820: [mem 0x0000000000000000-0x000000000009e7ff] usable
[    0.000000] BIOS-e820: [mem 0x000000000009e800-0x000000000009ffff] reserved
[    0.000000] BIOS-e820: [mem 0x00000000000dc000-0x00000000000fffff] reserved
[    0.000000] BIOS-e820: [mem 0x0000000000100000-0x00000000bfedffff] usable
[    0.000000] BIOS-e820: [mem 0x00000000bfee0000-0x00000000bfefefff] ACPI data
[    0.000000] BIOS-e820: [mem 0x00000000bfeff000-0x00000000bfefffff] ACPI NVS
[    0.000000] BIOS-e820: [mem 0x00000000bff00000-0x00000000bfffffff] usable
[    0.000000] BIOS-e820: [mem 0x00000000f0000000-0x00000000f7ffffff] reserved
[    0.000000] BIOS-e820: [mem 0x00000000fec00000-0x00000000fec0ffff] reserved
[    0.000000] BIOS-e820: [mem 0x00000000fee00000-0x00000000fee00fff] reserved
[    0.000000] BIOS-e820: [mem 0x00000000fffe0000-0x00000000ffffffff] reserved
[    0.000000] BIOS-e820: [mem 0x0000000100000000-0x000000013fffffff] usable
[    0.000000] NX (Execute Disable) protection: active
[    0.000000] APIC: Static calls initialized
[    0.000000] SMBIOS 2.7 present.
[    0.000000] DMI: VMware, Inc. VMware Virtual Platform/440BX Desktop Reference Platform, BIOS 6.00 11/12/2020
[    0.000000] DMI: Memory slots populated: 1/128
[    0.000000] vmware: hypercall mode: 0x02
[    0.000000] Hypervisor detected: VMware
[    0.000000] vmware: TSC freq read from hypervisor : 2592.008 MHz
[    0.000000] vmware: Host bus clock speed read from hypervisor : 66000000 Hz
[    0.000000] vmware: using clock offset of 9180106174 ns
[    0.001540] tsc: Detected 2592.008 MHz processor
[    0.004068] e820: update [mem 0x00000000-0x00000fff] usable ==> reserved
[    0.008090] e820: remove [mem 0x000a0000-0x000fffff] usable
[    0.009487] last_pfn = 0x140000 max_arch_pfn = 0x400000000
[    0.009842] total RAM covered: 130048M
[    0.010152] Found optimal setting for mtrr clean up
[    0.010424]  gran_size: 64K 	chunk_size: 64K 	num_reg: 7  	lose cover RAM: 0G
[    0.010869] MTRR map: 7 entries (5 fixed + 2 variable; max 21), built from 8 variable MTRRs
[    0.011051] x86/PAT: Configuration [0-7]: WB  WC  UC- UC  WB  WP  UC- WT  
[    0.011211] e820: update [mem 0xc0000000-0xffffffff] usable ==> reserved
[    0.011825] last_pfn = 0xc0000 max_arch_pfn = 0x400000000
[    0.011887] found SMP MP-table at [mem 0x000f6a70-0x000f6a7f]
[    0.011942] Using GB pages for direct mapping
[    0.011990] RAMDISK: [mem 0x2ff1b000-0x33f84fff]
[    0.012032] ACPI: Early table checksum verification disabled
[    0.012068] ACPI: RSDP 0x00000000000F6A00 000024 (v02 PTLTD )
[    0.012153] ACPI: XSDT 0x00000000BFEE7633 00005C (v01 INTEL  440BX    06040000 VMW  01324272)
[    0.012210] ACPI: FACP 0x00000000BFEFEE73 0000F4 (v04 INTEL  440BX    06040000 PTL  000F4240)
[    0.012248] ACPI: DSDT 0x00000000BFEE93D8 015A9B (v01 PTLTD  Custom   06040000 MSFT 03000001)
[    0.012273] ACPI: FACS 0x00000000BFEFFFC0 000040
[    0.012290] ACPI: FACS 0x00000000BFEFFFC0 000040
[    0.012301] ACPI: BOOT 0x00000000BFEE93B0 000028 (v01 PTLTD  $SBFTBL$ 06040000  LTP 00000001)
[    0.012309] ACPI: APIC 0x00000000BFEE88BD 000742 (v01 PTLTD  ? APIC   06040000  LTP 00000000)
[    0.012314] ACPI: MCFG 0x00000000BFEE8881 00003C (v01 PTLTD  $PCITBL$ 06040000  LTP 00000001)
[    0.012318] ACPI: SRAT 0x00000000BFEE772F 0008D0 (v02 VMWARE MEMPLUG  06040000 VMW  00000001)
[    0.012320] ACPI: HPET 0x00000000BFEE76F7 000038 (v01 VMWARE VMW HPET 06040000 VMW  00000001)
[    0.012322] ACPI: WAET 0x00000000BFEE76CF 000028 (v01 VMWARE VMW WAET 06040000 VMW  00000001)
[    0.012323] ACPI: Reserving FACP table memory at [mem 0xbfefee73-0xbfefef66]
[    0.012323] ACPI: Reserving DSDT table memory at [mem 0xbfee93d8-0xbfefee72]
[    0.012323] ACPI: Reserving FACS table memory at [mem 0xbfefffc0-0xbfefffff]
[    0.012323] ACPI: Reserving FACS table memory at [mem 0xbfefffc0-0xbfefffff]
[    0.012323] ACPI: Reserving BOOT table memory at [mem 0xbfee93b0-0xbfee93d7]
[    0.012324] ACPI: Reserving APIC table memory at [mem 0xbfee88bd-0xbfee8ffe]
[    0.012324] ACPI: Reserving MCFG table memory at [mem 0xbfee8881-0xbfee88bc]
[    0.012324] ACPI: Reserving SRAT table memory at [mem 0xbfee772f-0xbfee7ffe]
[    0.012324] ACPI: Reserving HPET table memory at [mem 0xbfee76f7-0xbfee772e]
[    0.012324] ACPI: Reserving WAET table memory at [mem 0xbfee76cf-0xbfee76f6]
[    0.012324] system APIC only can use physical flat
[    0.012324] APIC: Switched APIC routing to: physical flat
[    0.012324] SRAT: PXM 0 -> APIC 0x00 -> Node 0
[    0.012324] SRAT: PXM 0 -> APIC 0x02 -> Node 0
[    0.012324] SRAT: PXM 0 -> APIC 0x04 -> Node 0
[    0.012324] SRAT: PXM 0 -> APIC 0x06 -> Node 0
[    0.012324] SRAT: PXM 0 -> APIC 0x08 -> Node 0
[    0.012324] SRAT: PXM 0 -> APIC 0x0a -> Node 0
[    0.012324] SRAT: PXM 0 -> APIC 0x0c -> Node 0
[    0.012324] SRAT: PXM 0 -> APIC 0x0e -> Node 0
[    0.012324] SRAT: PXM 0 -> APIC 0x10 -> Node 0
[    0.012325] SRAT: PXM 0 -> APIC 0x12 -> Node 0
[    0.012325] SRAT: PXM 0 -> APIC 0x14 -> Node 0
[    0.012325] SRAT: PXM 0 -> APIC 0x16 -> Node 0
[    0.012325] SRAT: PXM 0 -> APIC 0x18 -> Node 0
[    0.012325] SRAT: PXM 0 -> APIC 0x1a -> Node 0
[    0.012325] SRAT: PXM 0 -> APIC 0x1c -> Node 0
[    0.012325] SRAT: PXM 0 -> APIC 0x1e -> Node 0
[    0.012325] SRAT: PXM 0 -> APIC 0x20 -> Node 0
[    0.012325] SRAT: PXM 0 -> APIC 0x22 -> Node 0
[    0.012325] SRAT: PXM 0 -> APIC 0x24 -> Node 0
[    0.012325] SRAT: PXM 0 -> APIC 0x26 -> Node 0
[    0.012325] SRAT: PXM 0 -> APIC 0x28 -> Node 0
[    0.012325] SRAT: PXM 0 -> APIC 0x2a -> Node 0
[    0.012325] SRAT: PXM 0 -> APIC 0x2c -> Node 0
[    0.012325] SRAT: PXM 0 -> APIC 0x2e -> Node 0
[    0.012325] SRAT: PXM 0 -> APIC 0x30 -> Node 0
[    0.012325] SRAT: PXM 0 -> APIC 0x32 -> Node 0
[    0.012325] SRAT: PXM 0 -> APIC 0x34 -> Node 0
[    0.012325] SRAT: PXM 0 -> APIC 0x36 -> Node 0
[    0.012325] SRAT: PXM 0 -> APIC 0x38 -> Node 0
[    0.012325] SRAT: PXM 0 -> APIC 0x3a -> Node 0
[    0.012325] SRAT: PXM 0 -> APIC 0x3c -> Node 0
[    0.012325] SRAT: PXM 0 -> APIC 0x3e -> Node 0
[    0.012325] SRAT: PXM 0 -> APIC 0x40 -> Node 0
[    0.012325] SRAT: PXM 0 -> APIC 0x42 -> Node 0
[    0.012325] SRAT: PXM 0 -> APIC 0x44 -> Node 0
[    0.012325] SRAT: PXM 0 -> APIC 0x46 -> Node 0
[    0.012325] SRAT: PXM 0 -> APIC 0x48 -> Node 0
[    0.012325] SRAT: PXM 0 -> APIC 0x4a -> Node 0
[    0.012325] SRAT: PXM 0 -> APIC 0x4c -> Node 0
[    0.012325] SRAT: PXM 0 -> APIC 0x4e -> Node 0
[    0.012325] SRAT: PXM 0 -> APIC 0x50 -> Node 0
[    0.012325] SRAT: PXM 0 -> APIC 0x52 -> Node 0
[    0.012325] SRAT: PXM 0 -> APIC 0x54 -> Node 0
[    0.012325] SRAT: PXM 0 -> APIC 0x56 -> Node 0
[    0.012325] SRAT: PXM 0 -> APIC 0x58 -> Node 0
[    0.012325] SRAT: PXM 0 -> APIC 0x5a -> Node 0
[    0.012325] SRAT: PXM 0 -> APIC 0x5c -> Node 0
[    0.012325] SRAT: PXM 0 -> APIC 0x5e -> Node 0
[    0.012325] SRAT: PXM 0 -> APIC 0x60 -> Node 0
[    0.012325] SRAT: PXM 0 -> APIC 0x62 -> Node 0
[    0.012325] SRAT: PXM 0 -> APIC 0x64 -> Node 0
[    0.012325] SRAT: PXM 0 -> APIC 0x66 -> Node 0
[    0.012325] SRAT: PXM 0 -> APIC 0x68 -> Node 0
[    0.012325] SRAT: PXM 0 -> APIC 0x6a -> Node 0
[    0.012325] SRAT: PXM 0 -> APIC 0x6c -> Node 0
[    0.012325] SRAT: PXM 0 -> APIC 0x6e -> Node 0
[    0.012325] SRAT: PXM 0 -> APIC 0x70 -> Node 0
[    0.012325] SRAT: PXM 0 -> APIC 0x72 -> Node 0
[    0.012325] SRAT: PXM 0 -> APIC 0x74 -> Node 0
[    0.012325] SRAT: PXM 0 -> APIC 0x76 -> Node 0
[    0.012325] SRAT: PXM 0 -> APIC 0x78 -> Node 0
[    0.012325] SRAT: PXM 0 -> APIC 0x7a -> Node 0
[    0.012325] SRAT: PXM 0 -> APIC 0x7c -> Node 0
[    0.012325] SRAT: PXM 0 -> APIC 0x7e -> Node 0
[    0.012325] SRAT: PXM 0 -> APIC 0x80 -> Node 0
[    0.012325] SRAT: PXM 0 -> APIC 0x82 -> Node 0
[    0.012325] SRAT: PXM 0 -> APIC 0x84 -> Node 0
[    0.012325] SRAT: PXM 0 -> APIC 0x86 -> Node 0
[    0.012325] SRAT: PXM 0 -> APIC 0x88 -> Node 0
[    0.012325] SRAT: PXM 0 -> APIC 0x8a -> Node 0
[    0.012325] SRAT: PXM 0 -> APIC 0x8c -> Node 0
[    0.012325] SRAT: PXM 0 -> APIC 0x8e -> Node 0
[    0.012325] SRAT: PXM 0 -> APIC 0x90 -> Node 0
[    0.012325] SRAT: PXM 0 -> APIC 0x92 -> Node 0
[    0.012325] SRAT: PXM 0 -> APIC 0x94 -> Node 0
[    0.012325] SRAT: PXM 0 -> APIC 0x96 -> Node 0
[    0.012325] SRAT: PXM 0 -> APIC 0x98 -> Node 0
[    0.012325] SRAT: PXM 0 -> APIC 0x9a -> Node 0
[    0.012325] SRAT: PXM 0 -> APIC 0x9c -> Node 0
[    0.012325] SRAT: PXM 0 -> APIC 0x9e -> Node 0
[    0.012325] SRAT: PXM 0 -> APIC 0xa0 -> Node 0
[    0.012325] SRAT: PXM 0 -> APIC 0xa2 -> Node 0
[    0.012325] SRAT: PXM 0 -> APIC 0xa4 -> Node 0
[    0.012325] SRAT: PXM 0 -> APIC 0xa6 -> Node 0
[    0.012325] SRAT: PXM 0 -> APIC 0xa8 -> Node 0
[    0.012325] SRAT: PXM 0 -> APIC 0xaa -> Node 0
[    0.012325] SRAT: PXM 0 -> APIC 0xac -> Node 0
[    0.012325] SRAT: PXM 0 -> APIC 0xae -> Node 0
[    0.012325] SRAT: PXM 0 -> APIC 0xb0 -> Node 0
[    0.012325] SRAT: PXM 0 -> APIC 0xb2 -> Node 0
[    0.012325] SRAT: PXM 0 -> APIC 0xb4 -> Node 0
[    0.012325] SRAT: PXM 0 -> APIC 0xb6 -> Node 0
[    0.012325] SRAT: PXM 0 -> APIC 0xb8 -> Node 0
[    0.012325] SRAT: PXM 0 -> APIC 0xba -> Node 0
[    0.012325] SRAT: PXM 0 -> APIC 0xbc -> Node 0
[    0.012325] SRAT: PXM 0 -> APIC 0xbe -> Node 0
[    0.012325] SRAT: PXM 0 -> APIC 0xc0 -> Node 0
[    0.012325] SRAT: PXM 0 -> APIC 0xc2 -> Node 0
[    0.012325] SRAT: PXM 0 -> APIC 0xc4 -> Node 0
[    0.012325] SRAT: PXM 0 -> APIC 0xc6 -> Node 0
[    0.012325] SRAT: PXM 0 -> APIC 0xc8 -> Node 0
[    0.012325] SRAT: PXM 0 -> APIC 0xca -> Node 0
[    0.012325] SRAT: PXM 0 -> APIC 0xcc -> Node 0
[    0.012325] SRAT: PXM 0 -> APIC 0xce -> Node 0
[    0.012325] SRAT: PXM 0 -> APIC 0xd0 -> Node 0
[    0.012325] SRAT: PXM 0 -> APIC 0xd2 -> Node 0
[    0.012325] SRAT: PXM 0 -> APIC 0xd4 -> Node 0
[    0.012325] SRAT: PXM 0 -> APIC 0xd6 -> Node 0
[    0.012325] SRAT: PXM 0 -> APIC 0xd8 -> Node 0
[    0.012325] SRAT: PXM 0 -> APIC 0xda -> Node 0
[    0.012325] SRAT: PXM 0 -> APIC 0xdc -> Node 0
[    0.012325] SRAT: PXM 0 -> APIC 0xde -> Node 0
[    0.012325] SRAT: PXM 0 -> APIC 0xe0 -> Node 0
[    0.012325] SRAT: PXM 0 -> APIC 0xe2 -> Node 0
[    0.012325] SRAT: PXM 0 -> APIC 0xe4 -> Node 0
[    0.012325] SRAT: PXM 0 -> APIC 0xe6 -> Node 0
[    0.012325] SRAT: PXM 0 -> APIC 0xe8 -> Node 0
[    0.012325] SRAT: PXM 0 -> APIC 0xea -> Node 0
[    0.012325] SRAT: PXM 0 -> APIC 0xec -> Node 0
[    0.012325] SRAT: PXM 0 -> APIC 0xee -> Node 0
[    0.012325] SRAT: PXM 0 -> APIC 0xf0 -> Node 0
[    0.012325] SRAT: PXM 0 -> APIC 0xf2 -> Node 0
[    0.012325] SRAT: PXM 0 -> APIC 0xf4 -> Node 0
[    0.012325] SRAT: PXM 0 -> APIC 0xf6 -> Node 0
[    0.012325] SRAT: PXM 0 -> APIC 0xf8 -> Node 0
[    0.012325] SRAT: PXM 0 -> APIC 0xfa -> Node 0
[    0.012325] SRAT: PXM 0 -> APIC 0xfc -> Node 0
[    0.012325] SRAT: PXM 0 -> APIC 0xfe -> Node 0
[    0.012325] ACPI: SRAT: Node 0 PXM 0 [mem 0x00000000-0x0009ffff]
[    0.012325] ACPI: SRAT: Node 0 PXM 0 [mem 0x00100000-0xbfffffff]
[    0.012325] ACPI: SRAT: Node 0 PXM 0 [mem 0x100000000-0x13fffffff]
[    0.012325] ACPI: SRAT: Node 0 PXM 0 [mem 0x140000000-0x103fffffff] hotplug
[    0.012325] NUMA: Node 0 [mem 0x00000000-0x0009ffff] + [mem 0x00100000-0xbfffffff] -> [mem 0x00000000-0xbfffffff]
[    0.012325] NUMA: Node 0 [mem 0x00000000-0xbfffffff] + [mem 0x100000000-0x13fffffff] -> [mem 0x00000000-0x13fffffff]
[    0.012325] NODE_DATA(0) allocated [mem 0x13ffd3000-0x13fffdfff]
[    0.012325] crashkernel reserved: 0x000000007c000000 - 0x000000009c000000 (512 MB)
[    0.012325] Zone ranges:
[    0.012325]   DMA      [mem 0x0000000000001000-0x0000000000ffffff]
[    0.012325]   DMA32    [mem 0x0000000001000000-0x00000000ffffffff]
[    0.012325]   Normal   [mem 0x0000000100000000-0x000000013fffffff]
[    0.012325]   Device   empty
[    0.012325] Movable zone start for each node
[    0.012325] Early memory node ranges
[    0.012325]   node   0: [mem 0x0000000000001000-0x000000000009dfff]
[    0.012325]   node   0: [mem 0x0000000000100000-0x00000000bfedffff]
[    0.012325]   node   0: [mem 0x00000000bff00000-0x00000000bfffffff]
[    0.012325]   node   0: [mem 0x0000000100000000-0x000000013fffffff]
[    0.012325] Initmem setup node 0 [mem 0x0000000000001000-0x000000013fffffff]
[    0.012325] On node 0, zone DMA: 1 pages in unavailable ranges
[    0.012325] On node 0, zone DMA: 98 pages in unavailable ranges
[    0.012325] On node 0, zone DMA32: 32 pages in unavailable ranges
[    0.012325] ACPI: PM-Timer IO Port: 0x1008
[    0.012325] system APIC only can use physical flat
[    0.012325] ACPI: LAPIC_NMI (acpi_id[0x00] high edge lint[0x1])
[    0.012325] ACPI: LAPIC_NMI (acpi_id[0x01] high edge lint[0x1])
[    0.012325] ACPI: LAPIC_NMI (acpi_id[0x02] high edge lint[0x1])
[    0.012325] ACPI: LAPIC_NMI (acpi_id[0x03] high edge lint[0x1])
[    0.012325] ACPI: LAPIC_NMI (acpi_id[0x04] high edge lint[0x1])
[    0.012325] ACPI: LAPIC_NMI (acpi_id[0x05] high edge lint[0x1])
[    0.012325] ACPI: LAPIC_NMI (acpi_id[0x06] high edge lint[0x1])
[    0.012325] ACPI: LAPIC_NMI (acpi_id[0x07] high edge lint[0x1])
[    0.012325] ACPI: LAPIC_NMI (acpi_id[0x08] high edge lint[0x1])
[    0.012325] ACPI: LAPIC_NMI (acpi_id[0x09] high edge lint[0x1])
[    0.012325] ACPI: LAPIC_NMI (acpi_id[0x0a] high edge lint[0x1])
[    0.012325] ACPI: LAPIC_NMI (acpi_id[0x0b] high edge lint[0x1])
[    0.012325] ACPI: LAPIC_NMI (acpi_id[0x0c] high edge lint[0x1])
[    0.012325] ACPI: LAPIC_NMI (acpi_id[0x0d] high edge lint[0x1])
[    0.012325] ACPI: LAPIC_NMI (acpi_id[0x0e] high edge lint[0x1])
[    0.012325] ACPI: LAPIC_NMI (acpi_id[0x0f] high edge lint[0x1])
[    0.012325] ACPI: LAPIC_NMI (acpi_id[0x10] high edge lint[0x1])
[    0.012325] ACPI: LAPIC_NMI (acpi_id[0x11] high edge lint[0x1])
[    0.012325] ACPI: LAPIC_NMI (acpi_id[0x12] high edge lint[0x1])
[    0.012325] ACPI: LAPIC_NMI (acpi_id[0x13] high edge lint[0x1])
[    0.012325] ACPI: LAPIC_NMI (acpi_id[0x14] high edge lint[0x1])
[    0.012325] ACPI: LAPIC_NMI (acpi_id[0x15] high edge lint[0x1])
[    0.012325] ACPI: LAPIC_NMI (acpi_id[0x16] high edge lint[0x1])
[    0.012325] ACPI: LAPIC_NMI (acpi_id[0x17] high edge lint[0x1])
[    0.012325] ACPI: LAPIC_NMI (acpi_id[0x18] high edge lint[0x1])
[    0.012325] ACPI: LAPIC_NMI (acpi_id[0x19] high edge lint[0x1])
[    0.012325] ACPI: LAPIC_NMI (acpi_id[0x1a] high edge lint[0x1])
[    0.012325] ACPI: LAPIC_NMI (acpi_id[0x1b] high edge lint[0x1])
[    0.012325] ACPI: LAPIC_NMI (acpi_id[0x1c] high edge lint[0x1])
[    0.012325] ACPI: LAPIC_NMI (acpi_id[0x1d] high edge lint[0x1])
[    0.012325] ACPI: LAPIC_NMI (acpi_id[0x1e] high edge lint[0x1])
[    0.012325] ACPI: LAPIC_NMI (acpi_id[0x1f] high edge lint[0x1])
[    0.012325] ACPI: LAPIC_NMI (acpi_id[0x20] high edge lint[0x1])
[    0.012325] ACPI: LAPIC_NMI (acpi_id[0x21] high edge lint[0x1])
[    0.012325] ACPI: LAPIC_NMI (acpi_id[0x22] high edge lint[0x1])
[    0.012325] ACPI: LAPIC_NMI (acpi_id[0x23] high edge lint[0x1])
[    0.012325] ACPI: LAPIC_NMI (acpi_id[0x24] high edge lint[0x1])
[    0.012325] ACPI: LAPIC_NMI (acpi_id[0x25] high edge lint[0x1])
[    0.012325] ACPI: LAPIC_NMI (acpi_id[0x26] high edge lint[0x1])
[    0.012325] ACPI: LAPIC_NMI (acpi_id[0x27] high edge lint[0x1])
[    0.012325] ACPI: LAPIC_NMI (acpi_id[0x28] high edge lint[0x1])
[    0.012325] ACPI: LAPIC_NMI (acpi_id[0x29] high edge lint[0x1])
[    0.012325] ACPI: LAPIC_NMI (acpi_id[0x2a] high edge lint[0x1])
[    0.012325] ACPI: LAPIC_NMI (acpi_id[0x2b] high edge lint[0x1])
[    0.012325] ACPI: LAPIC_NMI (acpi_id[0x2c] high edge lint[0x1])
[    0.012325] ACPI: LAPIC_NMI (acpi_id[0x2d] high edge lint[0x1])
[    0.012325] ACPI: LAPIC_NMI (acpi_id[0x2e] high edge lint[0x1])
[    0.012325] ACPI: LAPIC_NMI (acpi_id[0x2f] high edge lint[0x1])
[    0.012325] ACPI: LAPIC_NMI (acpi_id[0x30] high edge lint[0x1])
[    0.012325] ACPI: LAPIC_NMI (acpi_id[0x31] high edge lint[0x1])
[    0.012325] ACPI: LAPIC_NMI (acpi_id[0x32] high edge lint[0x1])
[    0.012325] ACPI: LAPIC_NMI (acpi_id[0x33] high edge lint[0x1])
[    0.012325] ACPI: LAPIC_NMI (acpi_id[0x34] high edge lint[0x1])
[    0.012325] ACPI: LAPIC_NMI (acpi_id[0x35] high edge lint[0x1])
[    0.012325] ACPI: LAPIC_NMI (acpi_id[0x36] high edge lint[0x1])
[    0.012325] ACPI: LAPIC_NMI (acpi_id[0x37] high edge lint[0x1])
[    0.012325] ACPI: LAPIC_NMI (acpi_id[0x38] high edge lint[0x1])
[    0.012325] ACPI: LAPIC_NMI (acpi_id[0x39] high edge lint[0x1])
[    0.012325] ACPI: LAPIC_NMI (acpi_id[0x3a] high edge lint[0x1])
[    0.012325] ACPI: LAPIC_NMI (acpi_id[0x3b] high edge lint[0x1])
[    0.012325] ACPI: LAPIC_NMI (acpi_id[0x3c] high edge lint[0x1])
[    0.012325] ACPI: LAPIC_NMI (acpi_id[0x3d] high edge lint[0x1])
[    0.012325] ACPI: LAPIC_NMI (acpi_id[0x3e] high edge lint[0x1])
[    0.012325] ACPI: LAPIC_NMI (acpi_id[0x3f] high edge lint[0x1])
[    0.012325] ACPI: LAPIC_NMI (acpi_id[0x40] high edge lint[0x1])
[    0.012325] ACPI: LAPIC_NMI (acpi_id[0x41] high edge lint[0x1])
[    0.012325] ACPI: LAPIC_NMI (acpi_id[0x42] high edge lint[0x1])
[    0.012325] ACPI: LAPIC_NMI (acpi_id[0x43] high edge lint[0x1])
[    0.012325] ACPI: LAPIC_NMI (acpi_id[0x44] high edge lint[0x1])
[    0.012325] ACPI: LAPIC_NMI (acpi_id[0x45] high edge lint[0x1])
[    0.012325] ACPI: LAPIC_NMI (acpi_id[0x46] high edge lint[0x1])
[    0.012325] ACPI: LAPIC_NMI (acpi_id[0x47] high edge lint[0x1])
[    0.012325] ACPI: LAPIC_NMI (acpi_id[0x48] high edge lint[0x1])
[    0.012325] ACPI: LAPIC_NMI (acpi_id[0x49] high edge lint[0x1])
[    0.012325] ACPI: LAPIC_NMI (acpi_id[0x4a] high edge lint[0x1])
[    0.012325] ACPI: LAPIC_NMI (acpi_id[0x4b] high edge lint[0x1])
[    0.012325] ACPI: LAPIC_NMI (acpi_id[0x4c] high edge lint[0x1])
[    0.012325] ACPI: LAPIC_NMI (acpi_id[0x4d] high edge lint[0x1])
[    0.012325] ACPI: LAPIC_NMI (acpi_id[0x4e] high edge lint[0x1])
[    0.012325] ACPI: LAPIC_NMI (acpi_id[0x4f] high edge lint[0x1])
[    0.012325] ACPI: LAPIC_NMI (acpi_id[0x50] high edge lint[0x1])
[    0.012325] ACPI: LAPIC_NMI (acpi_id[0x51] high edge lint[0x1])
[    0.012325] ACPI: LAPIC_NMI (acpi_id[0x52] high edge lint[0x1])
[    0.012325] ACPI: LAPIC_NMI (acpi_id[0x53] high edge lint[0x1])
[    0.012325] ACPI: LAPIC_NMI (acpi_id[0x54] high edge lint[0x1])
[    0.012325] ACPI: LAPIC_NMI (acpi_id[0x55] high edge lint[0x1])
[    0.012325] ACPI: LAPIC_NMI (acpi_id[0x56] high edge lint[0x1])
[    0.012325] ACPI: LAPIC_NMI (acpi_id[0x57] high edge lint[0x1])
[    0.012325] ACPI: LAPIC_NMI (acpi_id[0x58] high edge lint[0x1])
[    0.012325] ACPI: LAPIC_NMI (acpi_id[0x59] high edge lint[0x1])
[    0.012325] ACPI: LAPIC_NMI (acpi_id[0x5a] high edge lint[0x1])
[    0.012325] ACPI: LAPIC_NMI (acpi_id[0x5b] high edge lint[0x1])
[    0.012325] ACPI: LAPIC_NMI (acpi_id[0x5c] high edge lint[0x1])
[    0.012325] ACPI: LAPIC_NMI (acpi_id[0x5d] high edge lint[0x1])
[    0.012325] ACPI: LAPIC_NMI (acpi_id[0x5e] high edge lint[0x1])
[    0.012325] ACPI: LAPIC_NMI (acpi_id[0x5f] high edge lint[0x1])
[    0.012325] ACPI: LAPIC_NMI (acpi_id[0x60] high edge lint[0x1])
[    0.012325] ACPI: LAPIC_NMI (acpi_id[0x61] high edge lint[0x1])
[    0.012325] ACPI: LAPIC_NMI (acpi_id[0x62] high edge lint[0x1])
[    0.012325] ACPI: LAPIC_NMI (acpi_id[0x63] high edge lint[0x1])
[    0.012325] ACPI: LAPIC_NMI (acpi_id[0x64] high edge lint[0x1])
[    0.012325] ACPI: LAPIC_NMI (acpi_id[0x65] high edge lint[0x1])
[    0.012325] ACPI: LAPIC_NMI (acpi_id[0x66] high edge lint[0x1])
[    0.012325] ACPI: LAPIC_NMI (acpi_id[0x67] high edge lint[0x1])
[    0.012325] ACPI: LAPIC_NMI (acpi_id[0x68] high edge lint[0x1])
[    0.012325] ACPI: LAPIC_NMI (acpi_id[0x69] high edge lint[0x1])
[    0.012325] ACPI: LAPIC_NMI (acpi_id[0x6a] high edge lint[0x1])
[    0.012325] ACPI: LAPIC_NMI (acpi_id[0x6b] high edge lint[0x1])
[    0.012325] ACPI: LAPIC_NMI (acpi_id[0x6c] high edge lint[0x1])
[    0.012325] ACPI: LAPIC_NMI (acpi_id[0x6d] high edge lint[0x1])
[    0.012325] ACPI: LAPIC_NMI (acpi_id[0x6e] high edge lint[0x1])
[    0.012325] ACPI: LAPIC_NMI (acpi_id[0x6f] high edge lint[0x1])
[    0.012325] ACPI: LAPIC_NMI (acpi_id[0x70] high edge lint[0x1])
[    0.012325] ACPI: LAPIC_NMI (acpi_id[0x71] high edge lint[0x1])
[    0.012325] ACPI: LAPIC_NMI (acpi_id[0x72] high edge lint[0x1])
[    0.012325] ACPI: LAPIC_NMI (acpi_id[0x73] high edge lint[0x1])
[    0.012325] ACPI: LAPIC_NMI (acpi_id[0x74] high edge lint[0x1])
[    0.012325] ACPI: LAPIC_NMI (acpi_id[0x75] high edge lint[0x1])
[    0.012325] ACPI: LAPIC_NMI (acpi_id[0x76] high edge lint[0x1])
[    0.012325] ACPI: LAPIC_NMI (acpi_id[0x77] high edge lint[0x1])
[    0.012325] ACPI: LAPIC_NMI (acpi_id[0x78] high edge lint[0x1])
[    0.012325] ACPI: LAPIC_NMI (acpi_id[0x79] high edge lint[0x1])
[    0.012325] ACPI: LAPIC_NMI (acpi_id[0x7a] high edge lint[0x1])
[    0.012325] ACPI: LAPIC_NMI (acpi_id[0x7b] high edge lint[0x1])
[    0.012325] ACPI: LAPIC_NMI (acpi_id[0x7c] high edge lint[0x1])
[    0.012325] ACPI: LAPIC_NMI (acpi_id[0x7d] high edge lint[0x1])
[    0.012325] ACPI: LAPIC_NMI (acpi_id[0x7e] high edge lint[0x1])
[    0.012325] ACPI: LAPIC_NMI (acpi_id[0x7f] high edge lint[0x1])
[    0.012325] IOAPIC[0]: apic_id 1, version 32, address 0xfec00000, GSI 0-23
[    0.012325] ACPI: INT_SRC_OVR (bus 0 bus_irq 0 global_irq 2 high edge)
[    0.012325] ACPI: Using ACPI (MADT) for SMP configuration information
[    0.012325] ACPI: HPET id: 0x8086af01 base: 0xfed00000
[    0.012325] CPU topo: Max. logical packages: 128
[    0.012325] CPU topo: Max. logical dies:     128
[    0.012325] CPU topo: Max. dies per package:   1
[    0.012325] CPU topo: Max. threads per core:   1
[    0.012325] CPU topo: Num. cores per package:     1
[    0.012325] CPU topo: Num. threads per package:   1
[    0.012325] CPU topo: Allowing 4 present CPUs plus 124 hotplug CPUs
[    0.012325] PM: hibernation: Registered nosave memory: [mem 0x00000000-0x00000fff]
[    0.012325] PM: hibernation: Registered nosave memory: [mem 0x0009e000-0x0009efff]
[    0.012325] PM: hibernation: Registered nosave memory: [mem 0x0009f000-0x0009ffff]
[    0.012325] PM: hibernation: Registered nosave memory: [mem 0x000a0000-0x000dbfff]
[    0.012325] PM: hibernation: Registered nosave memory: [mem 0x000dc000-0x000fffff]
[    0.012325] PM: hibernation: Registered nosave memory: [mem 0xbfee0000-0xbfefefff]
[    0.012325] PM: hibernation: Registered nosave memory: [mem 0xbfeff000-0xbfefffff]
[    0.012325] PM: hibernation: Registered nosave memory: [mem 0xc0000000-0xefffffff]
[    0.012325] PM: hibernation: Registered nosave memory: [mem 0xf0000000-0xf7ffffff]
[    0.012325] PM: hibernation: Registered nosave memory: [mem 0xf8000000-0xfebfffff]
[    0.012325] PM: hibernation: Registered nosave memory: [mem 0xfec00000-0xfec0ffff]
[    0.012325] PM: hibernation: Registered nosave memory: [mem 0xfec10000-0xfedfffff]
[    0.012325] PM: hibernation: Registered nosave memory: [mem 0xfee00000-0xfee00fff]
[    0.012325] PM: hibernation: Registered nosave memory: [mem 0xfee01000-0xfffdffff]
[    0.012325] PM: hibernation: Registered nosave memory: [mem 0xfffe0000-0xffffffff]
[    0.012325] [mem 0xc0000000-0xefffffff] available for PCI devices
[    0.012325] Booting paravirtualized kernel on VMware hypervisor
[    0.012325] clocksource: refined-jiffies: mask: 0xffffffff max_cycles: 0xffffffff, max_idle_ns: 1910969940391419 ns
[    0.012325] setup_percpu: NR_CPUS:8192 nr_cpumask_bits:128 nr_cpu_ids:128 nr_node_ids:1
[    0.043220] percpu: Embedded 88 pages/cpu s237568 r8192 d114688 u524288
[    0.046224] pcpu-alloc: s237568 r8192 d114688 u524288 alloc=1*2097152
[    0.051152] pcpu-alloc: [0] 000 001 002 003 [0] 004 005 006 007 
[    0.064008] pcpu-alloc: [0] 008 009 010 011 [0] 012 013 014 015 
[    0.066597] pcpu-alloc: [0] 016 017 018 019 [0] 020 021 022 023 
[    0.067118] pcpu-alloc: [0] 024 025 026 027 [0] 028 029 030 031 
[    0.067224] pcpu-alloc: [0] 032 033 034 035 [0] 036 037 038 039 
[    0.067245] pcpu-alloc: [0] 040 041 042 043 [0] 044 045 046 047 
[    0.067249] pcpu-alloc: [0] 048 049 050 051 [0] 052 053 054 055 
[    0.067250] pcpu-alloc: [0] 056 057 058 059 [0] 060 061 062 063 
[    0.067250] pcpu-alloc: [0] 064 065 066 067 [0] 068 069 070 071 
[    0.067250] pcpu-alloc: [0] 072 073 074 075 [0] 076 077 078 079 
[    0.067250] pcpu-alloc: [0] 080 081 082 083 [0] 084 085 086 087 
[    0.067250] pcpu-alloc: [0] 088 089 090 091 [0] 092 093 094 095 
[    0.067250] pcpu-alloc: [0] 096 097 098 099 [0] 100 101 102 103 
[    0.067250] pcpu-alloc: [0] 104 105 106 107 [0] 108 109 110 111 
[    0.067250] pcpu-alloc: [0] 112 113 114 115 [0] 116 117 118 119 
[    0.067250] pcpu-alloc: [0] 120 121 122 123 [0] 124 125 126 127 
[    0.067250] Kernel command line: BOOT_IMAGE=/boot/vmlinuz-6.11.0-14-generic root=UUID=abc65a0c-ce89-4894-b332-911175a6bc23 ro quiet splash crashkernel=2G-4G:320M,4G-32G:512M,32G-64G:1024M,64G-128G:2048M,128G-:4096M
[    0.067250] Unknown kernel command line parameters "splash BOOT_IMAGE=/boot/vmlinuz-6.11.0-14-generic", will be passed to user space.
[    0.067250] random: crng init done
[    0.067250] printk: log_buf_len individual max cpu contribution: 4096 bytes
[    0.067250] printk: log_buf_len total cpu_extra contributions: 520192 bytes
[    0.067250] printk: log_buf_len min size: 262144 bytes
[    0.067250] printk: log_buf_len: 1048576 bytes
[    0.067250] printk: early log buf free: 237448(90%)
[    0.067250] Dentry cache hash table entries: 524288 (order: 10, 4194304 bytes, linear)
[    0.067250] Inode-cache hash table entries: 262144 (order: 9, 2097152 bytes, linear)
[    0.067250] Fallback order for Node 0: 0 
[    0.067250] Built 1 zonelists, mobility grouping on.  Total pages: 1048445
[    0.067250] Policy zone: Normal
[    0.067250] mem auto-init: stack:all(zero), heap alloc:on, heap free:off
[    0.067250] software IO TLB: area num 128.
[    0.067250] SLUB: HWalign=64, Order=0-3, MinObjects=0, CPUs=128, Nodes=1
[    0.067250] Kernel/User page tables isolation: enabled
[    0.067250] ftrace: allocating 59298 entries in 232 pages
[    0.067250] ftrace: allocated 232 pages with 4 groups
[    0.067250] Dynamic Preempt: voluntary
[    0.067250] rcu: Preemptible hierarchical RCU implementation.
[    0.067250] rcu: 	RCU restricting CPUs from NR_CPUS=8192 to nr_cpu_ids=128.
[    0.067250] 	Trampoline variant of Tasks RCU enabled.
[    0.067250] 	Rude variant of Tasks RCU enabled.
[    0.067250] 	Tracing variant of Tasks RCU enabled.
[    0.067250] rcu: RCU calculated value of scheduler-enlistment delay is 100 jiffies.
[    0.067250] rcu: Adjusting geometry for rcu_fanout_leaf=16, nr_cpu_ids=128
[    0.067250] RCU Tasks: Setting shift to 7 and lim to 1 rcu_task_cb_adjust=1.
[    0.067250] RCU Tasks Rude: Setting shift to 7 and lim to 1 rcu_task_cb_adjust=1.
[    0.067250] RCU Tasks Trace: Setting shift to 7 and lim to 1 rcu_task_cb_adjust=1.
[    0.067250] NR_IRQS: 524544, nr_irqs: 1448, preallocated irqs: 16
[    0.095003] rcu: srcu_init: Setting srcu_struct sizes to big.
[    0.118319] Console: colour VGA+ 80x25
[    0.118332] printk: legacy console [tty0] enabled
[    0.118552] ACPI: Core revision 20240322
[    0.119952] clocksource: hpet: mask: 0xffffffff max_cycles: 0xffffffff, max_idle_ns: 133484882848 ns
[    0.646233] APIC: Switch to symmetric I/O mode setup
[    0.647574] x2apic enabled
[    0.648590] APIC: Switched APIC routing to: physical x2apic
[    0.653305] ..TIMER: vector=0x30 apic1=0 pin1=2 apic2=-1 pin2=-1
[    0.653403] clocksource: tsc-early: mask: 0xffffffffffffffff max_cycles: 0x255cbea3061, max_idle_ns: 440795313801 ns
[    0.653424] Calibrating delay loop (skipped) preset value.. 5184.01 BogoMIPS (lpj=2592008)
[    0.654670] Disabled fast string operations
[    0.655782] Last level iTLB entries: 4KB 64, 2MB 8, 4MB 8
[    0.655792] Last level dTLB entries: 4KB 64, 2MB 0, 4MB 0, 1GB 4
[    0.655806] Spectre V1 : Mitigation: usercopy/swapgs barriers and __user pointer sanitization
[    0.655817] Spectre V2 : Spectre BHI mitigation: SW BHB clearing on syscall and VM exit
[    0.655826] Spectre V2 : Mitigation: IBRS
[    0.655834] Spectre V2 : Spectre v2 / SpectreRSB mitigation: Filling RSB on context switch
[    0.655843] Spectre V2 : Spectre v2 / SpectreRSB : Filling RSB on VMEXIT
[    0.655851] RETBleed: Mitigation: IBRS
[    0.655861] Spectre V2 : mitigation: Enabling conditional Indirect Branch Prediction Barrier
[    0.655871] Speculative Store Bypass: Mitigation: Speculative Store Bypass disabled via prctl
[    0.655883] MDS: Mitigation: Clear CPU buffers
[    0.655892] MMIO Stale Data: Mitigation: Clear CPU buffers
[    0.655901] SRBDS: Unknown: Dependent on hypervisor status
[    0.655910] GDS: Unknown: Dependent on hypervisor status
[    0.656472] x86/fpu: Supporting XSAVE feature 0x001: 'x87 floating point registers'
[    0.656481] x86/fpu: Supporting XSAVE feature 0x002: 'SSE registers'
[    0.656490] x86/fpu: Supporting XSAVE feature 0x004: 'AVX registers'
[    0.656499] x86/fpu: xstate_offset[2]:  576, xstate_sizes[2]:  256
[    0.656508] x86/fpu: Enabled xstate features 0x7, context size is 832 bytes, using 'compacted' format.
[    0.699499] Freeing SMP alternatives memory: 48K
[    0.699521] pid_max: default: 131072 minimum: 1024
[    0.700536] LSM: initializing lsm=lockdown,capability,landlock,yama,apparmor,ima,evm
[    0.700720] landlock: Up and running.
[    0.700729] Yama: becoming mindful.
[    0.702448] AppArmor: AppArmor initialized
[    0.703498] Mount-cache hash table entries: 8192 (order: 4, 65536 bytes, linear)
[    0.703875] Mountpoint-cache hash table entries: 8192 (order: 4, 65536 bytes, linear)
[    0.712414] smpboot: CPU0: Intel(R) Core(TM) i7-10750H CPU @ 2.60GHz (family: 0x6, model: 0xa5, stepping: 0x2)
[    0.716080] Performance Events: Skylake events, core PMU driver.
[    0.716447] core: CPUID marked event: 'cpu cycles' unavailable
[    0.716455] core: CPUID marked event: 'instructions' unavailable
[    0.716463] core: CPUID marked event: 'bus cycles' unavailable
[    0.716471] core: CPUID marked event: 'cache references' unavailable
[    0.716479] core: CPUID marked event: 'cache misses' unavailable
[    0.716487] core: CPUID marked event: 'branch instructions' unavailable
[    0.716495] core: CPUID marked event: 'branch misses' unavailable
[    0.716505] ... version:                1
[    0.716513] ... bit width:              48
[    0.716521] ... generic registers:      4
[    0.716529] ... value mask:             0000ffffffffffff
[    0.716537] ... max period:             000000007fffffff
[    0.716546] ... fixed-purpose events:   0
[    0.716554] ... event mask:             000000000000000f
[    0.716854] signal: max sigframe size: 1776
[    0.717580] rcu: Hierarchical SRCU implementation.
[    0.717589] rcu: 	Max phase no-delay instances is 400.
[    0.718631] Timer migration: 3 hierarchy levels; 8 children per group; 3 crossnode level
[    0.720414] NMI watchdog: Perf NMI watchdog permanently disabled
[    0.744167] smp: Bringing up secondary CPUs ...
[    0.746503] smpboot: x86: Booting SMP configuration:
[    0.746512] .... node  #0, CPUs:          #1   #2   #3
[    0.556111] Disabled fast string operations
[    0.556111] Disabled fast string operations
[    0.556111] Disabled fast string operations
[    0.756636] smp: Brought up 1 node, 4 CPUs
[    0.756648] smpboot: Total of 4 processors activated (20736.06 BogoMIPS)
[    0.760559] Memory: 3343428K/4193780K available (22528K kernel code, 4521K rwdata, 14936K rodata, 4956K init, 4664K bss, 833060K reserved, 0K cma-reserved)
[    0.761474] devtmpfs: initialized
[    0.762759] x86/mm: Memory block size: 128MB
[    0.765783] ACPI: PM: Registering ACPI NVS region [mem 0xbfeff000-0xbfefffff] (4096 bytes)
[    0.766714] clocksource: jiffies: mask: 0xffffffff max_cycles: 0xffffffff, max_idle_ns: 1911260446275000 ns
[    0.776197] futex hash table entries: 32768 (order: 9, 2097152 bytes, linear)
[    0.777447] pinctrl core: initialized pinctrl subsystem
[    0.777946] PM: RTC time: 13:56:31, date: 2025-04-21
[    0.789475] NET: Registered PF_NETLINK/PF_ROUTE protocol family
[    0.792298] DMA: preallocated 512 KiB GFP_KERNEL pool for atomic allocations
[    0.792368] DMA: preallocated 512 KiB GFP_KERNEL|GFP_DMA pool for atomic allocations
[    0.792501] DMA: preallocated 512 KiB GFP_KERNEL|GFP_DMA32 pool for atomic allocations
[    0.792568] audit: initializing netlink subsys (disabled)
[    0.792962] audit: type=2000 audit(1745243791.142:1): state=initialized audit_enabled=0 res=1
[    0.794055] thermal_sys: Registered thermal governor 'fair_share'
[    0.794065] thermal_sys: Registered thermal governor 'bang_bang'
[    0.794073] thermal_sys: Registered thermal governor 'step_wise'
[    0.794081] thermal_sys: Registered thermal governor 'user_space'
[    0.794089] thermal_sys: Registered thermal governor 'power_allocator'
[    0.794111] EISA bus registered
[    0.794221] cpuidle: using governor ladder
[    0.794359] cpuidle: using governor menu
[    0.794552] Simple Boot Flag at 0x36 set to 0x80
[    0.794682] acpiphp: ACPI Hot Plug PCI Controller Driver version: 0.5
[    0.795846] PCI: ECAM [mem 0xf0000000-0xf7ffffff] (base 0xf0000000) for domain 0000 [bus 00-7f]
[    0.795864] PCI: Using configuration type 1 for base access
[    0.796565] kprobes: kprobe jump-optimization is enabled. All kprobes are optimized if possible.
[    0.803566] HugeTLB: registered 1.00 GiB page size, pre-allocated 0 pages
[    0.803578] HugeTLB: 16380 KiB vmemmap can be freed for a 1.00 GiB page
[    0.803587] HugeTLB: registered 2.00 MiB page size, pre-allocated 0 pages
[    0.803595] HugeTLB: 28 KiB vmemmap can be freed for a 2.00 MiB page
[    0.810054] ACPI: Added _OSI(Module Device)
[    0.810065] ACPI: Added _OSI(Processor Device)
[    0.810074] ACPI: Added _OSI(3.0 _SCP Extensions)
[    0.810083] ACPI: Added _OSI(Processor Aggregator Device)
[    0.826161] ACPI: 1 ACPI AML tables successfully acquired and loaded
[    0.828447] ACPI: [Firmware Bug]: BIOS _OSI(Linux) query ignored
[    0.846752] ACPI: Interpreter enabled
[    0.846799] ACPI: PM: (supports S0 S1 S4 S5)
[    0.846809] ACPI: Using IOAPIC for interrupt routing
[    0.847970] PCI: Using host bridge windows from ACPI; if necessary, use "pci=nocrs" and report a bug
[    0.847980] PCI: Using E820 reservations for host bridge windows
[    0.848581] ACPI: Enabled 4 GPEs in block 00 to 0F
[    0.960177] ACPI: PCI Root Bridge [PCI0] (domain 0000 [bus 00-7f])
[    0.960198] acpi PNP0A03:00: _OSC: OS supports [ExtendedConfig ASPM ClockPM Segments MSI EDR HPX-Type3]
[    0.960317] acpi PNP0A03:00: _OSC: platform does not support [AER LTR DPC]
[    0.960588] acpi PNP0A03:00: _OSC: OS now controls [PCIeHotplug SHPCHotplug PME PCIeCapability]
[    0.963701] PCI host bridge to bus 0000:00
[    0.963716] pci_bus 0000:00: root bus resource [mem 0x000a0000-0x000bffff window]
[    0.963728] pci_bus 0000:00: root bus resource [mem 0x000d0000-0x000dbfff window]
[    0.963737] pci_bus 0000:00: root bus resource [mem 0xc0000000-0xfebfffff window]
[    0.963758] pci_bus 0000:00: root bus resource [io  0x0000-0x0cf7 window]
[    0.963767] pci_bus 0000:00: root bus resource [io  0x0d00-0xfeff window]
[    0.963777] pci_bus 0000:00: root bus resource [bus 00-7f]
[    0.964095] pci 0000:00:00.0: [8086:7190] type 00 class 0x060000 conventional PCI endpoint
[    0.965237] pci 0000:00:01.0: [8086:7191] type 01 class 0x060400 conventional PCI bridge
[    0.965730] pci 0000:00:01.0: PCI bridge to [bus 01]
[    0.977344] pci 0000:00:07.0: [8086:7110] type 00 class 0x060100 conventional PCI endpoint
[    0.978841] pci 0000:00:07.1: [8086:7111] type 00 class 0x01018a conventional PCI endpoint
[    0.980439] pci 0000:00:07.1: BAR 4 [io  0x1060-0x106f]
[    0.981040] pci 0000:00:07.1: BAR 0 [io  0x01f0-0x01f7]: legacy IDE quirk
[    0.981050] pci 0000:00:07.1: BAR 1 [io  0x03f6]: legacy IDE quirk
[    0.981058] pci 0000:00:07.1: BAR 2 [io  0x0170-0x0177]: legacy IDE quirk
[    0.981067] pci 0000:00:07.1: BAR 3 [io  0x0376]: legacy IDE quirk
[    0.981595] pci 0000:00:07.3: [8086:7113] type 00 class 0x068000 conventional PCI endpoint
[    0.983610] pci 0000:00:07.3: quirk: [io  0x1000-0x103f] claimed by PIIX4 ACPI
[    0.983646] pci 0000:00:07.3: quirk: [io  0x1040-0x104f] claimed by PIIX4 SMB
[    0.984156] pci 0000:00:07.7: [15ad:0740] type 00 class 0x088000 conventional PCI endpoint
[    0.984634] pci 0000:00:07.7: BAR 0 [io  0x1080-0x10bf]
[    0.985414] pci 0000:00:07.7: BAR 1 [mem 0xfebc0000-0xfebfffff 64bit]
[    1.002876] pci 0000:00:0f.0: [15ad:0405] type 00 class 0x030000 conventional PCI endpoint
[    1.003905] pci 0000:00:0f.0: BAR 0 [io  0x1070-0x107f]
[    1.004876] pci 0000:00:0f.0: BAR 1 [mem 0xe8000000-0xefffffff pref]
[    1.005438] pci 0000:00:0f.0: BAR 2 [mem 0xfe000000-0xfe7fffff]
[    1.009247] pci 0000:00:0f.0: ROM [mem 0x00000000-0x00007fff pref]
[    1.009453] pci 0000:00:0f.0: Video device with shadowed ROM at [mem 0x000c0000-0x000dffff]
[    1.010161] pci 0000:00:10.0: [1000:0030] type 00 class 0x010000 conventional PCI endpoint
[    1.010636] pci 0000:00:10.0: BAR 0 [io  0x1400-0x14ff]
[    1.011051] pci 0000:00:10.0: BAR 1 [mem 0xfeb80000-0xfeb9ffff 64bit]
[    1.011438] pci 0000:00:10.0: BAR 3 [mem 0xfeba0000-0xfebbffff 64bit]
[    1.012723] pci 0000:00:10.0: ROM [mem 0x00000000-0x00003fff pref]
[    1.013674] pci 0000:00:11.0: [15ad:0790] type 01 class 0x060401 conventional PCI bridge
[    1.014101] pci 0000:00:11.0: PCI bridge to [bus 02] (subtractive decode)
[    1.014146] pci 0000:00:11.0:   bridge window [io  0x2000-0x3fff]
[    1.014201] pci 0000:00:11.0:   bridge window [mem 0xfd500000-0xfdffffff]
[    1.014352] pci 0000:00:11.0:   bridge window [mem 0xe7b00000-0xe7ffffff 64bit pref]
[    1.021945] pci 0000:00:15.0: [15ad:07a0] type 01 class 0x060400 PCIe Root Port
[    1.022402] pci 0000:00:15.0: PCI bridge to [bus 03]
[    1.022472] pci 0000:00:15.0:   bridge window [io  0x4000-0x4fff]
[    1.022512] pci 0000:00:15.0:   bridge window [mem 0xfd400000-0xfd4fffff]
[    1.022657] pci 0000:00:15.0:   bridge window [mem 0xe7a00000-0xe7afffff 64bit pref]
[    1.023583] pci 0000:00:15.0: PME# supported from D0 D3hot D3cold
[    1.024332] pci 0000:00:15.1: [15ad:07a0] type 01 class 0x060400 PCIe Root Port
[    1.024773] pci 0000:00:15.1: PCI bridge to [bus 04]
[    1.024816] pci 0000:00:15.1:   bridge window [io  0x8000-0x8fff]
[    1.024856] pci 0000:00:15.1:   bridge window [mem 0xfd000000-0xfd0fffff]
[    1.024999] pci 0000:00:15.1:   bridge window [mem 0xe7600000-0xe76fffff 64bit pref]
[    1.025834] pci 0000:00:15.1: PME# supported from D0 D3hot D3cold
[    1.026585] pci 0000:00:15.2: [15ad:07a0] type 01 class 0x060400 PCIe Root Port
[    1.027039] pci 0000:00:15.2: PCI bridge to [bus 05]
[    1.027091] pci 0000:00:15.2:   bridge window [io  0xc000-0xcfff]
[    1.027132] pci 0000:00:15.2:   bridge window [mem 0xfcc00000-0xfccfffff]
[    1.027292] pci 0000:00:15.2:   bridge window [mem 0xe7200000-0xe72fffff 64bit pref]
[    1.028148] pci 0000:00:15.2: PME# supported from D0 D3hot D3cold
[    1.028947] pci 0000:00:15.3: [15ad:07a0] type 01 class 0x060400 PCIe Root Port
[    1.029452] pci 0000:00:15.3: PCI bridge to [bus 06]
[    1.029527] pci 0000:00:15.3:   bridge window [mem 0xfc800000-0xfc8fffff]
[    1.029671] pci 0000:00:15.3:   bridge window [mem 0xe6e00000-0xe6efffff 64bit pref]
[    1.030593] pci 0000:00:15.3: PME# supported from D0 D3hot D3cold
[    1.031498] pci 0000:00:15.4: [15ad:07a0] type 01 class 0x060400 PCIe Root Port
[    1.031972] pci 0000:00:15.4: PCI bridge to [bus 07]
[    1.032044] pci 0000:00:15.4:   bridge window [mem 0xfc400000-0xfc4fffff]
[    1.032202] pci 0000:00:15.4:   bridge window [mem 0xe6a00000-0xe6afffff 64bit pref]
[    1.033065] pci 0000:00:15.4: PME# supported from D0 D3hot D3cold
[    1.033887] pci 0000:00:15.5: [15ad:07a0] type 01 class 0x060400 PCIe Root Port
[    1.034306] pci 0000:00:15.5: PCI bridge to [bus 08]
[    1.034461] pci 0000:00:15.5:   bridge window [mem 0xfc000000-0xfc0fffff]
[    1.034606] pci 0000:00:15.5:   bridge window [mem 0xe6600000-0xe66fffff 64bit pref]
[    1.035454] pci 0000:00:15.5: PME# supported from D0 D3hot D3cold
[    1.036221] pci 0000:00:15.6: [15ad:07a0] type 01 class 0x060400 PCIe Root Port
[    1.036699] pci 0000:00:15.6: PCI bridge to [bus 09]
[    1.036771] pci 0000:00:15.6:   bridge window [mem 0xfbc00000-0xfbcfffff]
[    1.036916] pci 0000:00:15.6:   bridge window [mem 0xe6200000-0xe62fffff 64bit pref]
[    1.037805] pci 0000:00:15.6: PME# supported from D0 D3hot D3cold
[    1.038850] pci 0000:00:15.7: [15ad:07a0] type 01 class 0x060400 PCIe Root Port
[    1.039375] pci 0000:00:15.7: PCI bridge to [bus 0a]
[    1.039477] pci 0000:00:15.7:   bridge window [mem 0xfb800000-0xfb8fffff]
[    1.039621] pci 0000:00:15.7:   bridge window [mem 0xe5e00000-0xe5efffff 64bit pref]
[    1.040454] pci 0000:00:15.7: PME# supported from D0 D3hot D3cold
[    1.041292] pci 0000:00:16.0: [15ad:07a0] type 01 class 0x060400 PCIe Root Port
[    1.041803] pci 0000:00:16.0: PCI bridge to [bus 0b]
[    1.041846] pci 0000:00:16.0:   bridge window [io  0x5000-0x5fff]
[    1.041885] pci 0000:00:16.0:   bridge window [mem 0xfd300000-0xfd3fffff]
[    1.042042] pci 0000:00:16.0:   bridge window [mem 0xe7900000-0xe79fffff 64bit pref]
[    1.042901] pci 0000:00:16.0: PME# supported from D0 D3hot D3cold
[    1.043644] pci 0000:00:16.1: [15ad:07a0] type 01 class 0x060400 PCIe Root Port
[    1.044050] pci 0000:00:16.1: PCI bridge to [bus 0c]
[    1.044101] pci 0000:00:16.1:   bridge window [io  0x9000-0x9fff]
[    1.044141] pci 0000:00:16.1:   bridge window [mem 0xfcf00000-0xfcffffff]
[    1.044299] pci 0000:00:16.1:   bridge window [mem 0xe7500000-0xe75fffff 64bit pref]
[    1.045110] pci 0000:00:16.1: PME# supported from D0 D3hot D3cold
[    1.045863] pci 0000:00:16.2: [15ad:07a0] type 01 class 0x060400 PCIe Root Port
[    1.046483] pci 0000:00:16.2: PCI bridge to [bus 0d]
[    1.046541] pci 0000:00:16.2:   bridge window [io  0xd000-0xdfff]
[    1.046581] pci 0000:00:16.2:   bridge window [mem 0xfcb00000-0xfcbfffff]
[    1.046723] pci 0000:00:16.2:   bridge window [mem 0xe7100000-0xe71fffff 64bit pref]
[    1.047605] pci 0000:00:16.2: PME# supported from D0 D3hot D3cold
[    1.048311] pci 0000:00:16.3: [15ad:07a0] type 01 class 0x060400 PCIe Root Port
[    1.048852] pci 0000:00:16.3: PCI bridge to [bus 0e]
[    1.048926] pci 0000:00:16.3:   bridge window [mem 0xfc700000-0xfc7fffff]
[    1.049072] pci 0000:00:16.3:   bridge window [mem 0xe6d00000-0xe6dfffff 64bit pref]
[    1.049931] pci 0000:00:16.3: PME# supported from D0 D3hot D3cold
[    1.050829] pci 0000:00:16.4: [15ad:07a0] type 01 class 0x060400 PCIe Root Port
[    1.051307] pci 0000:00:16.4: PCI bridge to [bus 0f]
[    1.051380] pci 0000:00:16.4:   bridge window [mem 0xfc300000-0xfc3fffff]
[    1.051544] pci 0000:00:16.4:   bridge window [mem 0xe6900000-0xe69fffff 64bit pref]
[    1.052665] pci 0000:00:16.4: PME# supported from D0 D3hot D3cold
[    1.053472] pci 0000:00:16.5: [15ad:07a0] type 01 class 0x060400 PCIe Root Port
[    1.053928] pci 0000:00:16.5: PCI bridge to [bus 10]
[    1.054001] pci 0000:00:16.5:   bridge window [mem 0xfbf00000-0xfbffffff]
[    1.054145] pci 0000:00:16.5:   bridge window [mem 0xe6500000-0xe65fffff 64bit pref]
[    1.055094] pci 0000:00:16.5: PME# supported from D0 D3hot D3cold
[    1.055918] pci 0000:00:16.6: [15ad:07a0] type 01 class 0x060400 PCIe Root Port
[    1.056349] pci 0000:00:16.6: PCI bridge to [bus 11]
[    1.056453] pci 0000:00:16.6:   bridge window [mem 0xfbb00000-0xfbbfffff]
[    1.056598] pci 0000:00:16.6:   bridge window [mem 0xe6100000-0xe61fffff 64bit pref]
[    1.057438] pci 0000:00:16.6: PME# supported from D0 D3hot D3cold
[    1.058307] pci 0000:00:16.7: [15ad:07a0] type 01 class 0x060400 PCIe Root Port
[    1.058760] pci 0000:00:16.7: PCI bridge to [bus 12]
[    1.058833] pci 0000:00:16.7:   bridge window [mem 0xfb700000-0xfb7fffff]
[    1.058978] pci 0000:00:16.7:   bridge window [mem 0xe5d00000-0xe5dfffff 64bit pref]
[    1.059854] pci 0000:00:16.7: PME# supported from D0 D3hot D3cold
[    1.060592] pci 0000:00:17.0: [15ad:07a0] type 01 class 0x060400 PCIe Root Port
[    1.061040] pci 0000:00:17.0: PCI bridge to [bus 13]
[    1.061082] pci 0000:00:17.0:   bridge window [io  0x6000-0x6fff]
[    1.061122] pci 0000:00:17.0:   bridge window [mem 0xfd200000-0xfd2fffff]
[    1.061286] pci 0000:00:17.0:   bridge window [mem 0xe7800000-0xe78fffff 64bit pref]
[    1.062090] pci 0000:00:17.0: PME# supported from D0 D3hot D3cold
[    1.062862] pci 0000:00:17.1: [15ad:07a0] type 01 class 0x060400 PCIe Root Port
[    1.063285] pci 0000:00:17.1: PCI bridge to [bus 14]
[    1.063366] pci 0000:00:17.1:   bridge window [io  0xa000-0xafff]
[    1.063436] pci 0000:00:17.1:   bridge window [mem 0xfce00000-0xfcefffff]
[    1.063581] pci 0000:00:17.1:   bridge window [mem 0xe7400000-0xe74fffff 64bit pref]
[    1.064469] pci 0000:00:17.1: PME# supported from D0 D3hot D3cold
[    1.065206] pci 0000:00:17.2: [15ad:07a0] type 01 class 0x060400 PCIe Root Port
[    1.065726] pci 0000:00:17.2: PCI bridge to [bus 15]
[    1.065769] pci 0000:00:17.2:   bridge window [io  0xe000-0xefff]
[    1.065810] pci 0000:00:17.2:   bridge window [mem 0xfca00000-0xfcafffff]
[    1.065954] pci 0000:00:17.2:   bridge window [mem 0xe7000000-0xe70fffff 64bit pref]
[    1.066832] pci 0000:00:17.2: PME# supported from D0 D3hot D3cold
[    1.067622] pci 0000:00:17.3: [15ad:07a0] type 01 class 0x060400 PCIe Root Port
[    1.068037] pci 0000:00:17.3: PCI bridge to [bus 16]
[    1.068109] pci 0000:00:17.3:   bridge window [mem 0xfc600000-0xfc6fffff]
[    1.068270] pci 0000:00:17.3:   bridge window [mem 0xe6c00000-0xe6cfffff 64bit pref]
[    1.069414] pci 0000:00:17.3: PME# supported from D0 D3hot D3cold
[    1.069971] pci 0000:00:17.4: [15ad:07a0] type 01 class 0x060400 PCIe Root Port
[    1.070386] pci 0000:00:17.4: PCI bridge to [bus 17]
[    1.070509] pci 0000:00:17.4:   bridge window [mem 0xfc200000-0xfc2fffff]
[    1.070722] pci 0000:00:17.4:   bridge window [mem 0xe6800000-0xe68fffff 64bit pref]
[    1.071628] pci 0000:00:17.4: PME# supported from D0 D3hot D3cold
[    1.072513] pci 0000:00:17.5: [15ad:07a0] type 01 class 0x060400 PCIe Root Port
[    1.072926] pci 0000:00:17.5: PCI bridge to [bus 18]
[    1.072998] pci 0000:00:17.5:   bridge window [mem 0xfbe00000-0xfbefffff]
[    1.073206] pci 0000:00:17.5:   bridge window [mem 0xe6400000-0xe64fffff 64bit pref]
[    1.074037] pci 0000:00:17.5: PME# supported from D0 D3hot D3cold
[    1.074984] pci 0000:00:17.6: [15ad:07a0] type 01 class 0x060400 PCIe Root Port
[    1.075482] pci 0000:00:17.6: PCI bridge to [bus 19]
[    1.075554] pci 0000:00:17.6:   bridge window [mem 0xfba00000-0xfbafffff]
[    1.075697] pci 0000:00:17.6:   bridge window [mem 0xe6000000-0xe60fffff 64bit pref]
[    1.076579] pci 0000:00:17.6: PME# supported from D0 D3hot D3cold
[    1.077625] pci 0000:00:17.7: [15ad:07a0] type 01 class 0x060400 PCIe Root Port
[    1.078078] pci 0000:00:17.7: PCI bridge to [bus 1a]
[    1.078151] pci 0000:00:17.7:   bridge window [mem 0xfb600000-0xfb6fffff]
[    1.078308] pci 0000:00:17.7:   bridge window [mem 0xe5c00000-0xe5cfffff 64bit pref]
[    1.079166] pci 0000:00:17.7: PME# supported from D0 D3hot D3cold
[    1.080038] pci 0000:00:18.0: [15ad:07a0] type 01 class 0x060400 PCIe Root Port
[    1.080545] pci 0000:00:18.0: PCI bridge to [bus 1b]
[    1.080589] pci 0000:00:18.0:   bridge window [io  0x7000-0x7fff]
[    1.080629] pci 0000:00:18.0:   bridge window [mem 0xfd100000-0xfd1fffff]
[    1.080782] pci 0000:00:18.0:   bridge window [mem 0xe7700000-0xe77fffff 64bit pref]
[    1.081688] pci 0000:00:18.0: PME# supported from D0 D3hot D3cold
[    1.082459] pci 0000:00:18.1: [15ad:07a0] type 01 class 0x060400 PCIe Root Port
[    1.082895] pci 0000:00:18.1: PCI bridge to [bus 1c]
[    1.082938] pci 0000:00:18.1:   bridge window [io  0xb000-0xbfff]
[    1.082978] pci 0000:00:18.1:   bridge window [mem 0xfcd00000-0xfcdfffff]
[    1.083133] pci 0000:00:18.1:   bridge window [mem 0xe7300000-0xe73fffff 64bit pref]
[    1.084013] pci 0000:00:18.1: PME# supported from D0 D3hot D3cold
[    1.084839] pci 0000:00:18.2: [15ad:07a0] type 01 class 0x060400 PCIe Root Port
[    1.085414] pci 0000:00:18.2: PCI bridge to [bus 1d]
[    1.085468] pci 0000:00:18.2:   bridge window [mem 0xfc900000-0xfc9fffff]
[    1.085614] pci 0000:00:18.2:   bridge window [mem 0xe6f00000-0xe6ffffff 64bit pref]
[    1.086568] pci 0000:00:18.2: PME# supported from D0 D3hot D3cold
[    1.087336] pci 0000:00:18.3: [15ad:07a0] type 01 class 0x060400 PCIe Root Port
[    1.087791] pci 0000:00:18.3: PCI bridge to [bus 1e]
[    1.087866] pci 0000:00:18.3:   bridge window [mem 0xfc500000-0xfc5fffff]
[    1.088048] pci 0000:00:18.3:   bridge window [mem 0xe6b00000-0xe6bfffff 64bit pref]
[    1.088915] pci 0000:00:18.3: PME# supported from D0 D3hot D3cold
[    1.089729] pci 0000:00:18.4: [15ad:07a0] type 01 class 0x060400 PCIe Root Port
[    1.090151] pci 0000:00:18.4: PCI bridge to [bus 1f]
[    1.090242] pci 0000:00:18.4:   bridge window [mem 0xfc100000-0xfc1fffff]
[    1.090391] pci 0000:00:18.4:   bridge window [mem 0xe6700000-0xe67fffff 64bit pref]
[    1.091316] pci 0000:00:18.4: PME# supported from D0 D3hot D3cold
[    1.092099] pci 0000:00:18.5: [15ad:07a0] type 01 class 0x060400 PCIe Root Port
[    1.092559] pci 0000:00:18.5: PCI bridge to [bus 20]
[    1.092672] pci 0000:00:18.5:   bridge window [mem 0xfbd00000-0xfbdfffff]
[    1.092820] pci 0000:00:18.5:   bridge window [mem 0xe6300000-0xe63fffff 64bit pref]
[    1.093720] pci 0000:00:18.5: PME# supported from D0 D3hot D3cold
[    1.094498] pci 0000:00:18.6: [15ad:07a0] type 01 class 0x060400 PCIe Root Port
[    1.094954] pci 0000:00:18.6: PCI bridge to [bus 21]
[    1.095029] pci 0000:00:18.6:   bridge window [mem 0xfb900000-0xfb9fffff]
[    1.095203] pci 0000:00:18.6:   bridge window [mem 0xe5f00000-0xe5ffffff 64bit pref]
[    1.096110] pci 0000:00:18.6: PME# supported from D0 D3hot D3cold
[    1.097090] pci 0000:00:18.7: [15ad:07a0] type 01 class 0x060400 PCIe Root Port
[    1.097559] pci 0000:00:18.7: PCI bridge to [bus 22]
[    1.097672] pci 0000:00:18.7:   bridge window [mem 0xfb500000-0xfb5fffff]
[    1.097819] pci 0000:00:18.7:   bridge window [mem 0xe5b00000-0xe5bfffff 64bit pref]
[    1.098720] pci 0000:00:18.7: PME# supported from D0 D3hot D3cold
[    1.115454] pci_bus 0000:01: extended config space not accessible
[    1.188043] pci 0000:00:01.0: PCI bridge to [bus 01]
[    1.188478] pci_bus 0000:02: extended config space not accessible
[    1.188827] acpiphp: Slot [32] registered
[    1.188863] acpiphp: Slot [33] registered
[    1.188896] acpiphp: Slot [34] registered
[    1.188959] acpiphp: Slot [35] registered
[    1.188993] acpiphp: Slot [36] registered
[    1.189027] acpiphp: Slot [37] registered
[    1.189059] acpiphp: Slot [38] registered
[    1.189120] acpiphp: Slot [39] registered
[    1.189154] acpiphp: Slot [40] registered
[    1.189196] acpiphp: Slot [41] registered
[    1.189231] acpiphp: Slot [42] registered
[    1.189264] acpiphp: Slot [43] registered
[    1.189297] acpiphp: Slot [44] registered
[    1.189329] acpiphp: Slot [45] registered
[    1.189361] acpiphp: Slot [46] registered
[    1.189487] acpiphp: Slot [47] registered
[    1.189520] acpiphp: Slot [48] registered
[    1.189553] acpiphp: Slot [49] registered
[    1.189585] acpiphp: Slot [50] registered
[    1.189617] acpiphp: Slot [51] registered
[    1.189649] acpiphp: Slot [52] registered
[    1.189680] acpiphp: Slot [53] registered
[    1.189739] acpiphp: Slot [54] registered
[    1.189773] acpiphp: Slot [55] registered
[    1.189806] acpiphp: Slot [56] registered
[    1.189838] acpiphp: Slot [57] registered
[    1.189878] acpiphp: Slot [58] registered
[    1.189912] acpiphp: Slot [59] registered
[    1.189945] acpiphp: Slot [60] registered
[    1.189977] acpiphp: Slot [61] registered
[    1.190037] acpiphp: Slot [62] registered
[    1.190164] acpiphp: Slot [63] registered
[    1.190297] pci 0000:02:00.0: [15ad:0774] type 00 class 0x0c0300 conventional PCI endpoint
[    1.191837] pci 0000:02:00.0: BAR 4 [io  0x20c0-0x20df]
[    1.193578] pci 0000:02:01.0: [1022:2000] type 00 class 0x020000 conventional PCI endpoint
[    1.193910] pci 0000:02:01.0: BAR 0 [io  0x2000-0x207f]
[    1.195573] pci 0000:02:01.0: ROM [mem 0x00000000-0x0000ffff pref]
[    1.196626] pci 0000:02:02.0: [1274:1371] type 00 class 0x040100 conventional PCI endpoint
[    1.197357] pci 0000:02:02.0: BAR 0 [io  0x2080-0x20bf]
[    1.200525] pci 0000:02:03.0: [15ad:0770] type 00 class 0x0c0320 conventional PCI endpoint
[    1.200905] pci 0000:02:03.0: BAR 0 [mem 0xfd5ff000-0xfd5fffff]
[    1.203639] pci 0000:02:04.0: [15ad:07e0] type 00 class 0x010601 conventional PCI endpoint
[    1.205746] pci 0000:02:04.0: BAR 5 [mem 0xfd5fe000-0xfd5fefff]
[    1.206070] pci 0000:02:04.0: ROM [mem 0x00000000-0x0000ffff pref]
[    1.206742] pci 0000:02:04.0: PME# supported from D3hot
[    1.267705] pci 0000:00:11.0: PCI bridge to [bus 02] (subtractive decode)
[    1.267833] pci 0000:00:11.0:   bridge window [mem 0x000a0000-0x000bffff window] (subtractive decode)
[    1.267843] pci 0000:00:11.0:   bridge window [mem 0x000d0000-0x000dbfff window] (subtractive decode)
[    1.267852] pci 0000:00:11.0:   bridge window [mem 0xc0000000-0xfebfffff window] (subtractive decode)
[    1.267861] pci 0000:00:11.0:   bridge window [io  0x0000-0x0cf7 window] (subtractive decode)
[    1.267870] pci 0000:00:11.0:   bridge window [io  0x0d00-0xfeff window] (subtractive decode)
[    1.270595] pci 0000:00:15.0: PCI bridge to [bus 03]
[    1.273595] pci 0000:00:15.1: PCI bridge to [bus 04]
[    1.276545] pci 0000:00:15.2: PCI bridge to [bus 05]
[    1.279304] pci 0000:00:15.3: PCI bridge to [bus 06]
[    1.282336] pci 0000:00:15.4: PCI bridge to [bus 07]
[    1.285594] pci 0000:00:15.5: PCI bridge to [bus 08]
[    1.288571] pci 0000:00:15.6: PCI bridge to [bus 09]
[    1.291477] pci 0000:00:15.7: PCI bridge to [bus 0a]
[    1.294257] pci 0000:00:16.0: PCI bridge to [bus 0b]
[    1.297062] pci 0000:00:16.1: PCI bridge to [bus 0c]
[    1.299896] pci 0000:00:16.2: PCI bridge to [bus 0d]
[    1.302784] pci 0000:00:16.3: PCI bridge to [bus 0e]
[    1.305778] pci 0000:00:16.4: PCI bridge to [bus 0f]
[    1.308771] pci 0000:00:16.5: PCI bridge to [bus 10]
[    1.311630] pci 0000:00:16.6: PCI bridge to [bus 11]
[    1.314445] pci 0000:00:16.7: PCI bridge to [bus 12]
[    1.317383] pci 0000:00:17.0: PCI bridge to [bus 13]
[    1.320166] pci 0000:00:17.1: PCI bridge to [bus 14]
[    1.323020] pci 0000:00:17.2: PCI bridge to [bus 15]
[    1.326066] pci 0000:00:17.3: PCI bridge to [bus 16]
[    1.329071] pci 0000:00:17.4: PCI bridge to [bus 17]
[    1.331920] pci 0000:00:17.5: PCI bridge to [bus 18]
[    1.334738] pci 0000:00:17.6: PCI bridge to [bus 19]
[    1.337599] pci 0000:00:17.7: PCI bridge to [bus 1a]
[    1.340470] pci 0000:00:18.0: PCI bridge to [bus 1b]
[    1.343401] pci 0000:00:18.1: PCI bridge to [bus 1c]
[    1.346222] pci 0000:00:18.2: PCI bridge to [bus 1d]
[    1.349109] pci 0000:00:18.3: PCI bridge to [bus 1e]
[    1.352414] pci 0000:00:18.4: PCI bridge to [bus 1f]
[    1.355057] pci 0000:00:18.5: PCI bridge to [bus 20]
[    1.357937] pci 0000:00:18.6: PCI bridge to [bus 21]
[    1.360822] pci 0000:00:18.7: PCI bridge to [bus 22]
[    1.364882] ACPI: PCI: Interrupt link LNKA configured for IRQ 9
[    1.364983] ACPI: PCI: Interrupt link LNKB configured for IRQ 11
[    1.365081] ACPI: PCI: Interrupt link LNKC configured for IRQ 10
[    1.365179] ACPI: PCI: Interrupt link LNKD configured for IRQ 7
[    1.386649] iommu: Default domain type: Translated
[    1.386661] iommu: DMA domain TLB invalidation policy: lazy mode
[    1.387371] SCSI subsystem initialized
[    1.387958] libata version 3.00 loaded.
[    1.387958] ACPI: bus type USB registered
[    1.387958] usbcore: registered new interface driver usbfs
[    1.387958] usbcore: registered new interface driver hub
[    1.388705] usbcore: registered new device driver usb
[    1.388798] pps_core: LinuxPPS API ver. 1 registered
[    1.388808] pps_core: Software ver. 5.3.6 - Copyright 2005-2007 Rodolfo Giometti <giometti@linux.it>
[    1.388854] PTP clock support registered
[    1.390789] EDAC MC: Ver: 3.0.0
[    1.398137] NetLabel: Initializing
[    1.398146] NetLabel:  domain hash size = 128
[    1.398155] NetLabel:  protocols = UNLABELED CIPSOv4 CALIPSO
[    1.398481] NetLabel:  unlabeled traffic allowed by default
[    1.398719] mctp: management component transport protocol core
[    1.398719] NET: Registered PF_MCTP protocol family
[    1.398719] PCI: Using ACPI for IRQ routing
[    1.753893] PCI: pci_cache_line_size set to 64 bytes
[    1.755735] e820: reserve RAM buffer [mem 0x0009e800-0x0009ffff]
[    1.755748] e820: reserve RAM buffer [mem 0xbfee0000-0xbfffffff]
[    1.755925] pci 0000:00:0f.0: vgaarb: setting as boot VGA device
[    1.755925] pci 0000:00:0f.0: vgaarb: bridge control possible
[    1.755925] pci 0000:00:0f.0: vgaarb: VGA device added: decodes=io+mem,owns=io+mem,locks=none
[    1.755925] vgaarb: loaded
[    1.756725] hpet0: at MMIO 0xfed00000, IRQs 2, 8, 0, 0, 0, 0, 0, 0, 0, 0, 0, 0, 0, 0, 0, 0
[    1.756789] hpet0: 16 comparators, 64-bit 14.318180 MHz counter
[    1.761752] clocksource: Switched to clocksource tsc-early
[    1.802603] VFS: Disk quotas dquot_6.6.0
[    1.802739] VFS: Dquot-cache hash table entries: 512 (order 0, 4096 bytes)
[    1.804326] AppArmor: AppArmor Filesystem Enabled
[    1.804745] pnp: PnP ACPI init
[    1.806081] system 00:00: [io  0x1000-0x103f] has been reserved
[    1.806096] system 00:00: [io  0x1040-0x104f] has been reserved
[    1.806112] system 00:00: [io  0x0cf0-0x0cf1] has been reserved
[    1.806776] system 00:04: [mem 0xfed00000-0xfed003ff] has been reserved
[    1.809864] system 00:05: [io  0xfce0-0xfcff] has been reserved
[    1.809880] system 00:05: [mem 0xf0000000-0xf7ffffff] has been reserved
[    1.809892] system 00:05: [mem 0xfe800000-0xfe9fffff] has been reserved
[    1.854753] pnp: PnP ACPI: found 6 devices
[    1.903307] clocksource: acpi_pm: mask: 0xffffff max_cycles: 0xffffff, max_idle_ns: 2085701024 ns
[    1.903711] NET: Registered PF_INET protocol family
[    1.906897] IP idents hash table entries: 65536 (order: 7, 524288 bytes, linear)
[    2.010834] tcp_listen_portaddr_hash hash table entries: 2048 (order: 3, 32768 bytes, linear)
[    2.010905] Table-perturb hash table entries: 65536 (order: 6, 262144 bytes, linear)
[    2.011001] TCP established hash table entries: 32768 (order: 6, 262144 bytes, linear)
[    2.011255] TCP bind hash table entries: 32768 (order: 8, 1048576 bytes, linear)
[    2.011363] TCP: Hash tables configured (established 32768 bind 32768)
[    2.013072] MPTCP token hash table entries: 4096 (order: 4, 98304 bytes, linear)
[    2.013469] UDP hash table entries: 2048 (order: 4, 65536 bytes, linear)
[    2.013909] UDP-Lite hash table entries: 2048 (order: 4, 65536 bytes, linear)
[    2.015226] NET: Registered PF_UNIX/PF_LOCAL protocol family
[    2.015263] NET: Registered PF_XDP protocol family
[    2.015292] pci 0000:00:15.3: bridge window [io  0x1000-0x0fff] to [bus 06] add_size 1000
[    2.015304] pci 0000:00:15.4: bridge window [io  0x1000-0x0fff] to [bus 07] add_size 1000
[    2.015314] pci 0000:00:15.5: bridge window [io  0x1000-0x0fff] to [bus 08] add_size 1000
[    2.015324] pci 0000:00:15.6: bridge window [io  0x1000-0x0fff] to [bus 09] add_size 1000
[    2.015333] pci 0000:00:15.7: bridge window [io  0x1000-0x0fff] to [bus 0a] add_size 1000
[    2.015343] pci 0000:00:16.3: bridge window [io  0x1000-0x0fff] to [bus 0e] add_size 1000
[    2.015353] pci 0000:00:16.4: bridge window [io  0x1000-0x0fff] to [bus 0f] add_size 1000
[    2.015362] pci 0000:00:16.5: bridge window [io  0x1000-0x0fff] to [bus 10] add_size 1000
[    2.015372] pci 0000:00:16.6: bridge window [io  0x1000-0x0fff] to [bus 11] add_size 1000
[    2.015381] pci 0000:00:16.7: bridge window [io  0x1000-0x0fff] to [bus 12] add_size 1000
[    2.015391] pci 0000:00:17.3: bridge window [io  0x1000-0x0fff] to [bus 16] add_size 1000
[    2.015400] pci 0000:00:17.4: bridge window [io  0x1000-0x0fff] to [bus 17] add_size 1000
[    2.015410] pci 0000:00:17.5: bridge window [io  0x1000-0x0fff] to [bus 18] add_size 1000
[    2.015419] pci 0000:00:17.6: bridge window [io  0x1000-0x0fff] to [bus 19] add_size 1000
[    2.015429] pci 0000:00:17.7: bridge window [io  0x1000-0x0fff] to [bus 1a] add_size 1000
[    2.015439] pci 0000:00:18.2: bridge window [io  0x1000-0x0fff] to [bus 1d] add_size 1000
[    2.015448] pci 0000:00:18.3: bridge window [io  0x1000-0x0fff] to [bus 1e] add_size 1000
[    2.015457] pci 0000:00:18.4: bridge window [io  0x1000-0x0fff] to [bus 1f] add_size 1000
[    2.015467] pci 0000:00:18.5: bridge window [io  0x1000-0x0fff] to [bus 20] add_size 1000
[    2.015476] pci 0000:00:18.6: bridge window [io  0x1000-0x0fff] to [bus 21] add_size 1000
[    2.015486] pci 0000:00:18.7: bridge window [io  0x1000-0x0fff] to [bus 22] add_size 1000
[    2.015536] pci 0000:00:10.0: ROM [mem 0xc0000000-0xc0003fff pref]: assigned
[    2.015549] pci 0000:00:15.3: bridge window [io  size 0x1000]: can't assign; no space
[    2.015559] pci 0000:00:15.3: bridge window [io  size 0x1000]: failed to assign
[    2.015569] pci 0000:00:15.4: bridge window [io  size 0x1000]: can't assign; no space
[    2.015578] pci 0000:00:15.4: bridge window [io  size 0x1000]: failed to assign
[    2.015588] pci 0000:00:15.5: bridge window [io  size 0x1000]: can't assign; no space
[    2.015597] pci 0000:00:15.5: bridge window [io  size 0x1000]: failed to assign
[    2.015606] pci 0000:00:15.6: bridge window [io  size 0x1000]: can't assign; no space
[    2.015615] pci 0000:00:15.6: bridge window [io  size 0x1000]: failed to assign
[    2.015624] pci 0000:00:15.7: bridge window [io  size 0x1000]: can't assign; no space
[    2.015633] pci 0000:00:15.7: bridge window [io  size 0x1000]: failed to assign
[    2.015643] pci 0000:00:16.3: bridge window [io  size 0x1000]: can't assign; no space
[    2.015652] pci 0000:00:16.3: bridge window [io  size 0x1000]: failed to assign
[    2.015662] pci 0000:00:16.4: bridge window [io  size 0x1000]: can't assign; no space
[    2.015670] pci 0000:00:16.4: bridge window [io  size 0x1000]: failed to assign
[    2.015680] pci 0000:00:16.5: bridge window [io  size 0x1000]: can't assign; no space
[    2.015689] pci 0000:00:16.5: bridge window [io  size 0x1000]: failed to assign
[    2.015699] pci 0000:00:16.6: bridge window [io  size 0x1000]: can't assign; no space
[    2.015707] pci 0000:00:16.6: bridge window [io  size 0x1000]: failed to assign
[    2.015717] pci 0000:00:16.7: bridge window [io  size 0x1000]: can't assign; no space
[    2.015726] pci 0000:00:16.7: bridge window [io  size 0x1000]: failed to assign
[    2.015735] pci 0000:00:17.3: bridge window [io  size 0x1000]: can't assign; no space
[    2.015744] pci 0000:00:17.3: bridge window [io  size 0x1000]: failed to assign
[    2.015782] pci 0000:00:17.4: bridge window [io  size 0x1000]: can't assign; no space
[    2.015792] pci 0000:00:17.4: bridge window [io  size 0x1000]: failed to assign
[    2.015801] pci 0000:00:17.5: bridge window [io  size 0x1000]: can't assign; no space
[    2.015810] pci 0000:00:17.5: bridge window [io  size 0x1000]: failed to assign
[    2.015820] pci 0000:00:17.6: bridge window [io  size 0x1000]: can't assign; no space
[    2.015829] pci 0000:00:17.6: bridge window [io  size 0x1000]: failed to assign
[    2.015839] pci 0000:00:17.7: bridge window [io  size 0x1000]: can't assign; no space
[    2.015848] pci 0000:00:17.7: bridge window [io  size 0x1000]: failed to assign
[    2.015857] pci 0000:00:18.2: bridge window [io  size 0x1000]: can't assign; no space
[    2.015866] pci 0000:00:18.2: bridge window [io  size 0x1000]: failed to assign
[    2.015876] pci 0000:00:18.3: bridge window [io  size 0x1000]: can't assign; no space
[    2.015885] pci 0000:00:18.3: bridge window [io  size 0x1000]: failed to assign
[    2.015894] pci 0000:00:18.4: bridge window [io  size 0x1000]: can't assign; no space
[    2.015903] pci 0000:00:18.4: bridge window [io  size 0x1000]: failed to assign
[    2.015913] pci 0000:00:18.5: bridge window [io  size 0x1000]: can't assign; no space
[    2.015922] pci 0000:00:18.5: bridge window [io  size 0x1000]: failed to assign
[    2.015931] pci 0000:00:18.6: bridge window [io  size 0x1000]: can't assign; no space
[    2.015940] pci 0000:00:18.6: bridge window [io  size 0x1000]: failed to assign
[    2.015950] pci 0000:00:18.7: bridge window [io  size 0x1000]: can't assign; no space
[    2.015959] pci 0000:00:18.7: bridge window [io  size 0x1000]: failed to assign
[    2.015971] pci 0000:00:18.7: bridge window [io  size 0x1000]: can't assign; no space
[    2.015980] pci 0000:00:18.7: bridge window [io  size 0x1000]: failed to assign
[    2.015990] pci 0000:00:18.6: bridge window [io  size 0x1000]: can't assign; no space
[    2.015999] pci 0000:00:18.6: bridge window [io  size 0x1000]: failed to assign
[    2.016009] pci 0000:00:18.5: bridge window [io  size 0x1000]: can't assign; no space
[    2.016018] pci 0000:00:18.5: bridge window [io  size 0x1000]: failed to assign
[    2.016028] pci 0000:00:18.4: bridge window [io  size 0x1000]: can't assign; no space
[    2.016036] pci 0000:00:18.4: bridge window [io  size 0x1000]: failed to assign
[    2.016046] pci 0000:00:18.3: bridge window [io  size 0x1000]: can't assign; no space
[    2.016055] pci 0000:00:18.3: bridge window [io  size 0x1000]: failed to assign
[    2.016065] pci 0000:00:18.2: bridge window [io  size 0x1000]: can't assign; no space
[    2.016074] pci 0000:00:18.2: bridge window [io  size 0x1000]: failed to assign
[    2.016083] pci 0000:00:17.7: bridge window [io  size 0x1000]: can't assign; no space
[    2.016092] pci 0000:00:17.7: bridge window [io  size 0x1000]: failed to assign
[    2.016102] pci 0000:00:17.6: bridge window [io  size 0x1000]: can't assign; no space
[    2.016114] pci 0000:00:17.6: bridge window [io  size 0x1000]: failed to assign
[    2.016184] pci 0000:00:17.5: bridge window [io  size 0x1000]: can't assign; no space
[    2.016193] pci 0000:00:17.5: bridge window [io  size 0x1000]: failed to assign
[    2.016203] pci 0000:00:17.4: bridge window [io  size 0x1000]: can't assign; no space
[    2.016212] pci 0000:00:17.4: bridge window [io  size 0x1000]: failed to assign
[    2.016222] pci 0000:00:17.3: bridge window [io  size 0x1000]: can't assign; no space
[    2.016230] pci 0000:00:17.3: bridge window [io  size 0x1000]: failed to assign
[    2.016240] pci 0000:00:16.7: bridge window [io  size 0x1000]: can't assign; no space
[    2.016249] pci 0000:00:16.7: bridge window [io  size 0x1000]: failed to assign
[    2.016259] pci 0000:00:16.6: bridge window [io  size 0x1000]: can't assign; no space
[    2.016269] pci 0000:00:16.6: bridge window [io  size 0x1000]: failed to assign
[    2.016278] pci 0000:00:16.5: bridge window [io  size 0x1000]: can't assign; no space
[    2.016287] pci 0000:00:16.5: bridge window [io  size 0x1000]: failed to assign
[    2.016297] pci 0000:00:16.4: bridge window [io  size 0x1000]: can't assign; no space
[    2.016306] pci 0000:00:16.4: bridge window [io  size 0x1000]: failed to assign
[    2.016316] pci 0000:00:16.3: bridge window [io  size 0x1000]: can't assign; no space
[    2.016349] pci 0000:00:16.3: bridge window [io  size 0x1000]: failed to assign
[    2.016370] pci 0000:00:15.7: bridge window [io  size 0x1000]: can't assign; no space
[    2.016380] pci 0000:00:15.7: bridge window [io  size 0x1000]: failed to assign
[    2.016406] pci 0000:00:15.6: bridge window [io  size 0x1000]: can't assign; no space
[    2.016414] pci 0000:00:15.6: bridge window [io  size 0x1000]: failed to assign
[    2.016424] pci 0000:00:15.5: bridge window [io  size 0x1000]: can't assign; no space
[    2.016433] pci 0000:00:15.5: bridge window [io  size 0x1000]: failed to assign
[    2.016443] pci 0000:00:15.4: bridge window [io  size 0x1000]: can't assign; no space
[    2.016452] pci 0000:00:15.4: bridge window [io  size 0x1000]: failed to assign
[    2.016462] pci 0000:00:15.3: bridge window [io  size 0x1000]: can't assign; no space
[    2.016471] pci 0000:00:15.3: bridge window [io  size 0x1000]: failed to assign
[    2.016481] pci 0000:00:01.0: PCI bridge to [bus 01]
[    2.016659] pci 0000:02:01.0: ROM [mem 0xfd500000-0xfd50ffff pref]: assigned
[    2.016671] pci 0000:02:04.0: ROM [mem 0xfd510000-0xfd51ffff pref]: assigned
[    2.016681] pci 0000:00:11.0: PCI bridge to [bus 02]
[    2.016711] pci 0000:00:11.0:   bridge window [io  0x2000-0x3fff]
[    2.016782] pci 0000:00:11.0:   bridge window [mem 0xfd500000-0xfdffffff]
[    2.016823] pci 0000:00:11.0:   bridge window [mem 0xe7b00000-0xe7ffffff 64bit pref]
[    2.016896] pci 0000:00:15.0: PCI bridge to [bus 03]
[    2.016948] pci 0000:00:15.0:   bridge window [io  0x4000-0x4fff]
[    2.017042] pci 0000:00:15.0:   bridge window [mem 0xfd400000-0xfd4fffff]
[    2.017215] pci 0000:00:15.0:   bridge window [mem 0xe7a00000-0xe7afffff 64bit pref]
[    2.017303] pci 0000:00:15.1: PCI bridge to [bus 04]
[    2.017344] pci 0000:00:15.1:   bridge window [io  0x8000-0x8fff]
[    2.017403] pci 0000:00:15.1:   bridge window [mem 0xfd000000-0xfd0fffff]
[    2.017444] pci 0000:00:15.1:   bridge window [mem 0xe7600000-0xe76fffff 64bit pref]
[    2.017554] pci 0000:00:15.2: PCI bridge to [bus 05]
[    2.017582] pci 0000:00:15.2:   bridge window [io  0xc000-0xcfff]
[    2.017653] pci 0000:00:15.2:   bridge window [mem 0xfcc00000-0xfccfffff]
[    2.017716] pci 0000:00:15.2:   bridge window [mem 0xe7200000-0xe72fffff 64bit pref]
[    2.017790] pci 0000:00:15.3: PCI bridge to [bus 06]
[    2.017849] pci 0000:00:15.3:   bridge window [mem 0xfc800000-0xfc8fffff]
[    2.017891] pci 0000:00:15.3:   bridge window [mem 0xe6e00000-0xe6efffff 64bit pref]
[    2.018008] pci 0000:00:15.4: PCI bridge to [bus 07]
[    2.018180] pci 0000:00:15.4:   bridge window [mem 0xfc400000-0xfc4fffff]
[    2.051595] pci 0000:00:15.4:   bridge window [mem 0xe6a00000-0xe6afffff 64bit pref]
[    2.051669] pci 0000:00:15.5: PCI bridge to [bus 08]
[    2.051740] pci 0000:00:15.5:   bridge window [mem 0xfc000000-0xfc0fffff]
[    2.051797] pci 0000:00:15.5:   bridge window [mem 0xe6600000-0xe66fffff 64bit pref]
[    2.051885] pci 0000:00:15.6: PCI bridge to [bus 09]
[    2.051941] pci 0000:00:15.6:   bridge window [mem 0xfbc00000-0xfbcfffff]
[    2.051981] pci 0000:00:15.6:   bridge window [mem 0xe6200000-0xe62fffff 64bit pref]
[    2.052051] pci 0000:00:15.7: PCI bridge to [bus 0a]
[    2.052106] pci 0000:00:15.7:   bridge window [mem 0xfb800000-0xfb8fffff]
[    2.052206] pci 0000:00:15.7:   bridge window [mem 0xe5e00000-0xe5efffff 64bit pref]
[    2.052277] pci 0000:00:16.0: PCI bridge to [bus 0b]
[    2.052302] pci 0000:00:16.0:   bridge window [io  0x5000-0x5fff]
[    2.052357] pci 0000:00:16.0:   bridge window [mem 0xfd300000-0xfd3fffff]
[    2.052397] pci 0000:00:16.0:   bridge window [mem 0xe7900000-0xe79fffff 64bit pref]
[    2.052467] pci 0000:00:16.1: PCI bridge to [bus 0c]
[    2.052492] pci 0000:00:16.1:   bridge window [io  0x9000-0x9fff]
[    2.052546] pci 0000:00:16.1:   bridge window [mem 0xfcf00000-0xfcffffff]
[    2.052585] pci 0000:00:16.1:   bridge window [mem 0xe7500000-0xe75fffff 64bit pref]
[    2.052656] pci 0000:00:16.2: PCI bridge to [bus 0d]
[    2.052681] pci 0000:00:16.2:   bridge window [io  0xd000-0xdfff]
[    2.052735] pci 0000:00:16.2:   bridge window [mem 0xfcb00000-0xfcbfffff]
[    2.052775] pci 0000:00:16.2:   bridge window [mem 0xe7100000-0xe71fffff 64bit pref]
[    2.052845] pci 0000:00:16.3: PCI bridge to [bus 0e]
[    2.052907] pci 0000:00:16.3:   bridge window [mem 0xfc700000-0xfc7fffff]
[    2.052949] pci 0000:00:16.3:   bridge window [mem 0xe6d00000-0xe6dfffff 64bit pref]
[    2.053019] pci 0000:00:16.4: PCI bridge to [bus 0f]
[    2.053074] pci 0000:00:16.4:   bridge window [mem 0xfc300000-0xfc3fffff]
[    2.053173] pci 0000:00:16.4:   bridge window [mem 0xe6900000-0xe69fffff 64bit pref]
[    2.053245] pci 0000:00:16.5: PCI bridge to [bus 10]
[    2.053300] pci 0000:00:16.5:   bridge window [mem 0xfbf00000-0xfbffffff]
[    2.053339] pci 0000:00:16.5:   bridge window [mem 0xe6500000-0xe65fffff 64bit pref]
[    2.053411] pci 0000:00:16.6: PCI bridge to [bus 11]
[    2.053470] pci 0000:00:16.6:   bridge window [mem 0xfbb00000-0xfbbfffff]
[    2.053536] pci 0000:00:16.6:   bridge window [mem 0xe6100000-0xe61fffff 64bit pref]
[    2.053647] pci 0000:00:16.7: PCI bridge to [bus 12]
[    2.053730] pci 0000:00:16.7:   bridge window [mem 0xfb700000-0xfb7fffff]
[    2.053770] pci 0000:00:16.7:   bridge window [mem 0xe5d00000-0xe5dfffff 64bit pref]
[    2.053842] pci 0000:00:17.0: PCI bridge to [bus 13]
[    2.053868] pci 0000:00:17.0:   bridge window [io  0x6000-0x6fff]
[    2.053924] pci 0000:00:17.0:   bridge window [mem 0xfd200000-0xfd2fffff]
[    2.053965] pci 0000:00:17.0:   bridge window [mem 0xe7800000-0xe78fffff 64bit pref]
[    2.054037] pci 0000:00:17.1: PCI bridge to [bus 14]
[    2.054072] pci 0000:00:17.1:   bridge window [io  0xa000-0xafff]
[    2.054190] pci 0000:00:17.1:   bridge window [mem 0xfce00000-0xfcefffff]
[    2.054231] pci 0000:00:17.1:   bridge window [mem 0xe7400000-0xe74fffff 64bit pref]
[    2.054301] pci 0000:00:17.2: PCI bridge to [bus 15]
[    2.054327] pci 0000:00:17.2:   bridge window [io  0xe000-0xefff]
[    2.054383] pci 0000:00:17.2:   bridge window [mem 0xfca00000-0xfcafffff]
[    2.054424] pci 0000:00:17.2:   bridge window [mem 0xe7000000-0xe70fffff 64bit pref]
[    2.054495] pci 0000:00:17.3: PCI bridge to [bus 16]
[    2.054550] pci 0000:00:17.3:   bridge window [mem 0xfc600000-0xfc6fffff]
[    2.054591] pci 0000:00:17.3:   bridge window [mem 0xe6c00000-0xe6cfffff 64bit pref]
[    2.054684] pci 0000:00:17.4: PCI bridge to [bus 17]
[    2.054756] pci 0000:00:17.4:   bridge window [mem 0xfc200000-0xfc2fffff]
[    2.054796] pci 0000:00:17.4:   bridge window [mem 0xe6800000-0xe68fffff 64bit pref]
[    2.054866] pci 0000:00:17.5: PCI bridge to [bus 18]
[    2.054922] pci 0000:00:17.5:   bridge window [mem 0xfbe00000-0xfbefffff]
[    2.054963] pci 0000:00:17.5:   bridge window [mem 0xe6400000-0xe64fffff 64bit pref]
[    2.055033] pci 0000:00:17.6: PCI bridge to [bus 19]
[    2.055089] pci 0000:00:17.6:   bridge window [mem 0xfba00000-0xfbafffff]
[    2.055189] pci 0000:00:17.6:   bridge window [mem 0xe6000000-0xe60fffff 64bit pref]
[    2.055308] pci 0000:00:17.7: PCI bridge to [bus 1a]
[    2.055363] pci 0000:00:17.7:   bridge window [mem 0xfb600000-0xfb6fffff]
[    2.055402] pci 0000:00:17.7:   bridge window [mem 0xe5c00000-0xe5cfffff 64bit pref]
[    2.055472] pci 0000:00:18.0: PCI bridge to [bus 1b]
[    2.055498] pci 0000:00:18.0:   bridge window [io  0x7000-0x7fff]
[    2.055552] pci 0000:00:18.0:   bridge window [mem 0xfd100000-0xfd1fffff]
[    2.055592] pci 0000:00:18.0:   bridge window [mem 0xe7700000-0xe77fffff 64bit pref]
[    2.055662] pci 0000:00:18.1: PCI bridge to [bus 1c]
[    2.055686] pci 0000:00:18.1:   bridge window [io  0xb000-0xbfff]
[    2.055794] pci 0000:00:18.1:   bridge window [mem 0xfcd00000-0xfcdfffff]
[    2.055834] pci 0000:00:18.1:   bridge window [mem 0xe7300000-0xe73fffff 64bit pref]
[    2.055904] pci 0000:00:18.2: PCI bridge to [bus 1d]
[    2.055959] pci 0000:00:18.2:   bridge window [mem 0xfc900000-0xfc9fffff]
[    2.055999] pci 0000:00:18.2:   bridge window [mem 0xe6f00000-0xe6ffffff 64bit pref]
[    2.056069] pci 0000:00:18.3: PCI bridge to [bus 1e]
[    2.056185] pci 0000:00:18.3:   bridge window [mem 0xfc500000-0xfc5fffff]
[    2.056226] pci 0000:00:18.3:   bridge window [mem 0xe6b00000-0xe6bfffff 64bit pref]
[    2.056296] pci 0000:00:18.4: PCI bridge to [bus 1f]
[    2.056352] pci 0000:00:18.4:   bridge window [mem 0xfc100000-0xfc1fffff]
[    2.056400] pci 0000:00:18.4:   bridge window [mem 0xe6700000-0xe67fffff 64bit pref]
[    2.056471] pci 0000:00:18.5: PCI bridge to [bus 20]
[    2.056527] pci 0000:00:18.5:   bridge window [mem 0xfbd00000-0xfbdfffff]
[    2.056567] pci 0000:00:18.5:   bridge window [mem 0xe6300000-0xe63fffff 64bit pref]
[    2.056637] pci 0000:00:18.6: PCI bridge to [bus 21]
[    2.056691] pci 0000:00:18.6:   bridge window [mem 0xfb900000-0xfb9fffff]
[    2.056732] pci 0000:00:18.6:   bridge window [mem 0xe5f00000-0xe5ffffff 64bit pref]
[    2.056804] pci 0000:00:18.7: PCI bridge to [bus 22]
[    2.056859] pci 0000:00:18.7:   bridge window [mem 0xfb500000-0xfb5fffff]
[    2.056898] pci 0000:00:18.7:   bridge window [mem 0xe5b00000-0xe5bfffff 64bit pref]
[    2.056969] pci_bus 0000:00: resource 4 [mem 0x000a0000-0x000bffff window]
[    2.056979] pci_bus 0000:00: resource 5 [mem 0x000d0000-0x000dbfff window]
[    2.056989] pci_bus 0000:00: resource 6 [mem 0xc0000000-0xfebfffff window]
[    2.056998] pci_bus 0000:00: resource 7 [io  0x0000-0x0cf7 window]
[    2.057007] pci_bus 0000:00: resource 8 [io  0x0d00-0xfeff window]
[    2.057016] pci_bus 0000:02: resource 0 [io  0x2000-0x3fff]
[    2.057025] pci_bus 0000:02: resource 1 [mem 0xfd500000-0xfdffffff]
[    2.057034] pci_bus 0000:02: resource 2 [mem 0xe7b00000-0xe7ffffff 64bit pref]
[    2.057043] pci_bus 0000:02: resource 4 [mem 0x000a0000-0x000bffff window]
[    2.057052] pci_bus 0000:02: resource 5 [mem 0x000d0000-0x000dbfff window]
[    2.057060] pci_bus 0000:02: resource 6 [mem 0xc0000000-0xfebfffff window]
[    2.057069] pci_bus 0000:02: resource 7 [io  0x0000-0x0cf7 window]
[    2.057078] pci_bus 0000:02: resource 8 [io  0x0d00-0xfeff window]
[    2.057087] pci_bus 0000:03: resource 0 [io  0x4000-0x4fff]
[    2.057096] pci_bus 0000:03: resource 1 [mem 0xfd400000-0xfd4fffff]
[    2.057105] pci_bus 0000:03: resource 2 [mem 0xe7a00000-0xe7afffff 64bit pref]
[    2.057174] pci_bus 0000:04: resource 0 [io  0x8000-0x8fff]
[    2.057183] pci_bus 0000:04: resource 1 [mem 0xfd000000-0xfd0fffff]
[    2.057191] pci_bus 0000:04: resource 2 [mem 0xe7600000-0xe76fffff 64bit pref]
[    2.057200] pci_bus 0000:05: resource 0 [io  0xc000-0xcfff]
[    2.057209] pci_bus 0000:05: resource 1 [mem 0xfcc00000-0xfccfffff]
[    2.057217] pci_bus 0000:05: resource 2 [mem 0xe7200000-0xe72fffff 64bit pref]
[    2.057226] pci_bus 0000:06: resource 1 [mem 0xfc800000-0xfc8fffff]
[    2.057235] pci_bus 0000:06: resource 2 [mem 0xe6e00000-0xe6efffff 64bit pref]
[    2.057244] pci_bus 0000:07: resource 1 [mem 0xfc400000-0xfc4fffff]
[    2.057253] pci_bus 0000:07: resource 2 [mem 0xe6a00000-0xe6afffff 64bit pref]
[    2.057262] pci_bus 0000:08: resource 1 [mem 0xfc000000-0xfc0fffff]
[    2.057271] pci_bus 0000:08: resource 2 [mem 0xe6600000-0xe66fffff 64bit pref]
[    2.057280] pci_bus 0000:09: resource 1 [mem 0xfbc00000-0xfbcfffff]
[    2.057289] pci_bus 0000:09: resource 2 [mem 0xe6200000-0xe62fffff 64bit pref]
[    2.057298] pci_bus 0000:0a: resource 1 [mem 0xfb800000-0xfb8fffff]
[    2.057306] pci_bus 0000:0a: resource 2 [mem 0xe5e00000-0xe5efffff 64bit pref]
[    2.057315] pci_bus 0000:0b: resource 0 [io  0x5000-0x5fff]
[    2.057324] pci_bus 0000:0b: resource 1 [mem 0xfd300000-0xfd3fffff]
[    2.057333] pci_bus 0000:0b: resource 2 [mem 0xe7900000-0xe79fffff 64bit pref]
[    2.057342] pci_bus 0000:0c: resource 0 [io  0x9000-0x9fff]
[    2.057351] pci_bus 0000:0c: resource 1 [mem 0xfcf00000-0xfcffffff]
[    2.057359] pci_bus 0000:0c: resource 2 [mem 0xe7500000-0xe75fffff 64bit pref]
[    2.057368] pci_bus 0000:0d: resource 0 [io  0xd000-0xdfff]
[    2.057377] pci_bus 0000:0d: resource 1 [mem 0xfcb00000-0xfcbfffff]
[    2.057385] pci_bus 0000:0d: resource 2 [mem 0xe7100000-0xe71fffff 64bit pref]
[    2.057394] pci_bus 0000:0e: resource 1 [mem 0xfc700000-0xfc7fffff]
[    2.057403] pci_bus 0000:0e: resource 2 [mem 0xe6d00000-0xe6dfffff 64bit pref]
[    2.057412] pci_bus 0000:0f: resource 1 [mem 0xfc300000-0xfc3fffff]
[    2.057421] pci_bus 0000:0f: resource 2 [mem 0xe6900000-0xe69fffff 64bit pref]
[    2.057430] pci_bus 0000:10: resource 1 [mem 0xfbf00000-0xfbffffff]
[    2.057438] pci_bus 0000:10: resource 2 [mem 0xe6500000-0xe65fffff 64bit pref]
[    2.057447] pci_bus 0000:11: resource 1 [mem 0xfbb00000-0xfbbfffff]
[    2.057456] pci_bus 0000:11: resource 2 [mem 0xe6100000-0xe61fffff 64bit pref]
[    2.057465] pci_bus 0000:12: resource 1 [mem 0xfb700000-0xfb7fffff]
[    2.057474] pci_bus 0000:12: resource 2 [mem 0xe5d00000-0xe5dfffff 64bit pref]
[    2.057483] pci_bus 0000:13: resource 0 [io  0x6000-0x6fff]
[    2.057492] pci_bus 0000:13: resource 1 [mem 0xfd200000-0xfd2fffff]
[    2.057501] pci_bus 0000:13: resource 2 [mem 0xe7800000-0xe78fffff 64bit pref]
[    2.057510] pci_bus 0000:14: resource 0 [io  0xa000-0xafff]
[    2.057519] pci_bus 0000:14: resource 1 [mem 0xfce00000-0xfcefffff]
[    2.057527] pci_bus 0000:14: resource 2 [mem 0xe7400000-0xe74fffff 64bit pref]
[    2.057536] pci_bus 0000:15: resource 0 [io  0xe000-0xefff]
[    2.057545] pci_bus 0000:15: resource 1 [mem 0xfca00000-0xfcafffff]
[    2.057554] pci_bus 0000:15: resource 2 [mem 0xe7000000-0xe70fffff 64bit pref]
[    2.057563] pci_bus 0000:16: resource 1 [mem 0xfc600000-0xfc6fffff]
[    2.057571] pci_bus 0000:16: resource 2 [mem 0xe6c00000-0xe6cfffff 64bit pref]
[    2.057581] pci_bus 0000:17: resource 1 [mem 0xfc200000-0xfc2fffff]
[    2.057589] pci_bus 0000:17: resource 2 [mem 0xe6800000-0xe68fffff 64bit pref]
[    2.057598] pci_bus 0000:18: resource 1 [mem 0xfbe00000-0xfbefffff]
[    2.057607] pci_bus 0000:18: resource 2 [mem 0xe6400000-0xe64fffff 64bit pref]
[    2.057616] pci_bus 0000:19: resource 1 [mem 0xfba00000-0xfbafffff]
[    2.057625] pci_bus 0000:19: resource 2 [mem 0xe6000000-0xe60fffff 64bit pref]
[    2.057634] pci_bus 0000:1a: resource 1 [mem 0xfb600000-0xfb6fffff]
[    2.057643] pci_bus 0000:1a: resource 2 [mem 0xe5c00000-0xe5cfffff 64bit pref]
[    2.057652] pci_bus 0000:1b: resource 0 [io  0x7000-0x7fff]
[    2.057661] pci_bus 0000:1b: resource 1 [mem 0xfd100000-0xfd1fffff]
[    2.057700] pci_bus 0000:1b: resource 2 [mem 0xe7700000-0xe77fffff 64bit pref]
[    2.057709] pci_bus 0000:1c: resource 0 [io  0xb000-0xbfff]
[    2.057718] pci_bus 0000:1c: resource 1 [mem 0xfcd00000-0xfcdfffff]
[    2.057775] pci_bus 0000:1c: resource 2 [mem 0xe7300000-0xe73fffff 64bit pref]
[    2.057785] pci_bus 0000:1d: resource 1 [mem 0xfc900000-0xfc9fffff]
[    2.057810] pci_bus 0000:1d: resource 2 [mem 0xe6f00000-0xe6ffffff 64bit pref]
[    2.057819] pci_bus 0000:1e: resource 1 [mem 0xfc500000-0xfc5fffff]
[    2.057828] pci_bus 0000:1e: resource 2 [mem 0xe6b00000-0xe6bfffff 64bit pref]
[    2.057837] pci_bus 0000:1f: resource 1 [mem 0xfc100000-0xfc1fffff]
[    2.057846] pci_bus 0000:1f: resource 2 [mem 0xe6700000-0xe67fffff 64bit pref]
[    2.057855] pci_bus 0000:20: resource 1 [mem 0xfbd00000-0xfbdfffff]
[    2.057871] pci_bus 0000:20: resource 2 [mem 0xe6300000-0xe63fffff 64bit pref]
[    2.057881] pci_bus 0000:21: resource 1 [mem 0xfb900000-0xfb9fffff]
[    2.057890] pci_bus 0000:21: resource 2 [mem 0xe5f00000-0xe5ffffff 64bit pref]
[    2.057899] pci_bus 0000:22: resource 1 [mem 0xfb500000-0xfb5fffff]
[    2.057907] pci_bus 0000:22: resource 2 [mem 0xe5b00000-0xe5bfffff 64bit pref]
[    2.058086] pci 0000:00:00.0: Limiting direct PCI/PCI transfers
[    2.060819] PCI: CLS 32 bytes, default 64
[    2.060995] PCI-DMA: Using software bounce buffering for IO (SWIOTLB)
[    2.061004] software IO TLB: mapped [mem 0x00000000bbee0000-0x00000000bfee0000] (64MB)
[    2.061277] clocksource: tsc: mask: 0xffffffffffffffff max_cycles: 0x255cbea3061, max_idle_ns: 440795313801 ns
[    2.061566] Trying to unpack rootfs image as initramfs...
[    2.064291] clocksource: Switched to clocksource tsc
[    2.103344] Initialise system trusted keyrings
[    2.103369] Key type blacklist registered
[    2.105202] workingset: timestamp_bits=36 max_order=20 bucket_order=0
[    2.105262] zbud: loaded
[    2.106087] squashfs: version 4.0 (2009/01/31) Phillip Lougher
[    2.106992] fuse: init (API version 7.40)
[    2.107933] integrity: Platform Keyring initialized
[    2.107953] integrity: Machine keyring initialized
[    2.208524] Key type asymmetric registered
[    2.208542] Asymmetric key parser 'x509' registered
[    2.208840] Block layer SCSI generic (bsg) driver version 0.4 loaded (major 243)
[    2.209740] io scheduler mq-deadline registered
[    2.214558] pcieport 0000:00:15.0: PME: Signaling with IRQ 24
[    2.214716] pcieport 0000:00:15.0: pciehp: Slot #160 AttnBtn+ PwrCtrl+ MRL- AttnInd- PwrInd- HotPlug+ Surprise- Interlock- NoCompl+ IbPresDis- LLActRep+
[    2.217882] pcieport 0000:00:15.1: PME: Signaling with IRQ 25
[    2.218032] pcieport 0000:00:15.1: pciehp: Slot #161 AttnBtn+ PwrCtrl+ MRL- AttnInd- PwrInd- HotPlug+ Surprise- Interlock- NoCompl+ IbPresDis- LLActRep+
[    2.253736] pcieport 0000:00:15.2: PME: Signaling with IRQ 26
[    2.253906] pcieport 0000:00:15.2: pciehp: Slot #162 AttnBtn+ PwrCtrl+ MRL- AttnInd- PwrInd- HotPlug+ Surprise- Interlock- NoCompl+ IbPresDis- LLActRep+
[    2.256221] pcieport 0000:00:15.3: PME: Signaling with IRQ 27
[    2.256355] pcieport 0000:00:15.3: pciehp: Slot #163 AttnBtn+ PwrCtrl+ MRL- AttnInd- PwrInd- HotPlug+ Surprise- Interlock- NoCompl+ IbPresDis- LLActRep+
[    2.258722] pcieport 0000:00:15.4: PME: Signaling with IRQ 28
[    2.258944] pcieport 0000:00:15.4: pciehp: Slot #164 AttnBtn+ PwrCtrl+ MRL- AttnInd- PwrInd- HotPlug+ Surprise- Interlock- NoCompl+ IbPresDis- LLActRep+
[    2.261461] pcieport 0000:00:15.5: PME: Signaling with IRQ 29
[    2.261602] pcieport 0000:00:15.5: pciehp: Slot #165 AttnBtn+ PwrCtrl+ MRL- AttnInd- PwrInd- HotPlug+ Surprise- Interlock- NoCompl+ IbPresDis- LLActRep+
[    2.263690] pcieport 0000:00:15.6: PME: Signaling with IRQ 30
[    2.263850] pcieport 0000:00:15.6: pciehp: Slot #166 AttnBtn+ PwrCtrl+ MRL- AttnInd- PwrInd- HotPlug+ Surprise- Interlock- NoCompl+ IbPresDis- LLActRep+
[    2.266243] pcieport 0000:00:15.7: PME: Signaling with IRQ 31
[    2.266520] pcieport 0000:00:15.7: pciehp: Slot #167 AttnBtn+ PwrCtrl+ MRL- AttnInd- PwrInd- HotPlug+ Surprise- Interlock- NoCompl+ IbPresDis- LLActRep+
[    2.302359] pcieport 0000:00:16.0: PME: Signaling with IRQ 32
[    2.302522] pcieport 0000:00:16.0: pciehp: Slot #192 AttnBtn+ PwrCtrl+ MRL- AttnInd- PwrInd- HotPlug+ Surprise- Interlock- NoCompl+ IbPresDis- LLActRep+
[    2.304964] pcieport 0000:00:16.1: PME: Signaling with IRQ 33
[    2.305216] pcieport 0000:00:16.1: pciehp: Slot #193 AttnBtn+ PwrCtrl+ MRL- AttnInd- PwrInd- HotPlug+ Surprise- Interlock- NoCompl+ IbPresDis- LLActRep+
[    2.307778] pcieport 0000:00:16.2: PME: Signaling with IRQ 34
[    2.307930] pcieport 0000:00:16.2: pciehp: Slot #194 AttnBtn+ PwrCtrl+ MRL- AttnInd- PwrInd- HotPlug+ Surprise- Interlock- NoCompl+ IbPresDis- LLActRep+
[    2.310516] pcieport 0000:00:16.3: PME: Signaling with IRQ 35
[    2.310653] pcieport 0000:00:16.3: pciehp: Slot #195 AttnBtn+ PwrCtrl+ MRL- AttnInd- PwrInd- HotPlug+ Surprise- Interlock- NoCompl+ IbPresDis- LLActRep+
[    2.313500] pcieport 0000:00:16.4: PME: Signaling with IRQ 36
[    2.313767] pcieport 0000:00:16.4: pciehp: Slot #196 AttnBtn+ PwrCtrl+ MRL- AttnInd- PwrInd- HotPlug+ Surprise- Interlock- NoCompl+ IbPresDis- LLActRep+
[    2.316572] pcieport 0000:00:16.5: PME: Signaling with IRQ 37
[    2.316707] pcieport 0000:00:16.5: pciehp: Slot #197 AttnBtn+ PwrCtrl+ MRL- AttnInd- PwrInd- HotPlug+ Surprise- Interlock- NoCompl+ IbPresDis- LLActRep+
[    2.319153] pcieport 0000:00:16.6: PME: Signaling with IRQ 38
[    2.319153] pcieport 0000:00:16.6: pciehp: Slot #198 AttnBtn+ PwrCtrl+ MRL- AttnInd- PwrInd- HotPlug+ Surprise- Interlock- NoCompl+ IbPresDis- LLActRep+
[    2.354607] pcieport 0000:00:16.7: PME: Signaling with IRQ 39
[    2.354768] pcieport 0000:00:16.7: pciehp: Slot #199 AttnBtn+ PwrCtrl+ MRL- AttnInd- PwrInd- HotPlug+ Surprise- Interlock- NoCompl+ IbPresDis- LLActRep+
[    2.357339] pcieport 0000:00:17.0: PME: Signaling with IRQ 40
[    2.357462] pcieport 0000:00:17.0: pciehp: Slot #224 AttnBtn+ PwrCtrl+ MRL- AttnInd- PwrInd- HotPlug+ Surprise- Interlock- NoCompl+ IbPresDis- LLActRep+
[    2.359839] pcieport 0000:00:17.1: PME: Signaling with IRQ 41
[    2.359978] pcieport 0000:00:17.1: pciehp: Slot #225 AttnBtn+ PwrCtrl+ MRL- AttnInd- PwrInd- HotPlug+ Surprise- Interlock- NoCompl+ IbPresDis- LLActRep+
[    2.362444] pcieport 0000:00:17.2: PME: Signaling with IRQ 42
[    2.362614] pcieport 0000:00:17.2: pciehp: Slot #226 AttnBtn+ PwrCtrl+ MRL- AttnInd- PwrInd- HotPlug+ Surprise- Interlock- NoCompl+ IbPresDis- LLActRep+
[    2.365206] pcieport 0000:00:17.3: PME: Signaling with IRQ 43
[    2.365339] pcieport 0000:00:17.3: pciehp: Slot #227 AttnBtn+ PwrCtrl+ MRL- AttnInd- PwrInd- HotPlug+ Surprise- Interlock- NoCompl+ IbPresDis- LLActRep+
[    2.367547] pcieport 0000:00:17.4: PME: Signaling with IRQ 44
[    2.367744] pcieport 0000:00:17.4: pciehp: Slot #228 AttnBtn+ PwrCtrl+ MRL- AttnInd- PwrInd- HotPlug+ Surprise- Interlock- NoCompl+ IbPresDis- LLActRep+
[    2.403506] pcieport 0000:00:17.5: PME: Signaling with IRQ 45
[    2.403662] pcieport 0000:00:17.5: pciehp: Slot #229 AttnBtn+ PwrCtrl+ MRL- AttnInd- PwrInd- HotPlug+ Surprise- Interlock- NoCompl+ IbPresDis- LLActRep+
[    2.406352] pcieport 0000:00:17.6: PME: Signaling with IRQ 46
[    2.406479] pcieport 0000:00:17.6: pciehp: Slot #230 AttnBtn+ PwrCtrl+ MRL- AttnInd- PwrInd- HotPlug+ Surprise- Interlock- NoCompl+ IbPresDis- LLActRep+
[    2.408746] pcieport 0000:00:17.7: PME: Signaling with IRQ 47
[    2.408922] pcieport 0000:00:17.7: pciehp: Slot #231 AttnBtn+ PwrCtrl+ MRL- AttnInd- PwrInd- HotPlug+ Surprise- Interlock- NoCompl+ IbPresDis- LLActRep+
[    2.411423] pcieport 0000:00:18.0: PME: Signaling with IRQ 48
[    2.411615] pcieport 0000:00:18.0: pciehp: Slot #256 AttnBtn+ PwrCtrl+ MRL- AttnInd- PwrInd- HotPlug+ Surprise- Interlock- NoCompl+ IbPresDis- LLActRep+
[    2.414224] pcieport 0000:00:18.1: PME: Signaling with IRQ 49
[    2.414363] pcieport 0000:00:18.1: pciehp: Slot #257 AttnBtn+ PwrCtrl+ MRL- AttnInd- PwrInd- HotPlug+ Surprise- Interlock- NoCompl+ IbPresDis- LLActRep+
[    2.416910] pcieport 0000:00:18.2: PME: Signaling with IRQ 50
[    2.417072] pcieport 0000:00:18.2: pciehp: Slot #258 AttnBtn+ PwrCtrl+ MRL- AttnInd- PwrInd- HotPlug+ Surprise- Interlock- NoCompl+ IbPresDis- LLActRep+
[    2.452763] pcieport 0000:00:18.3: PME: Signaling with IRQ 51
[    2.452902] pcieport 0000:00:18.3: pciehp: Slot #259 AttnBtn+ PwrCtrl+ MRL- AttnInd- PwrInd- HotPlug+ Surprise- Interlock- NoCompl+ IbPresDis- LLActRep+
[    2.455630] pcieport 0000:00:18.4: PME: Signaling with IRQ 52
[    2.455834] pcieport 0000:00:18.4: pciehp: Slot #260 AttnBtn+ PwrCtrl+ MRL- AttnInd- PwrInd- HotPlug+ Surprise- Interlock- NoCompl+ IbPresDis- LLActRep+
[    2.457821] pcieport 0000:00:18.5: PME: Signaling with IRQ 53
[    2.457987] pcieport 0000:00:18.5: pciehp: Slot #261 AttnBtn+ PwrCtrl+ MRL- AttnInd- PwrInd- HotPlug+ Surprise- Interlock- NoCompl+ IbPresDis- LLActRep+
[    2.460298] pcieport 0000:00:18.6: PME: Signaling with IRQ 54
[    2.460420] pcieport 0000:00:18.6: pciehp: Slot #262 AttnBtn+ PwrCtrl+ MRL- AttnInd- PwrInd- HotPlug+ Surprise- Interlock- NoCompl+ IbPresDis- LLActRep+
[    2.462901] pcieport 0000:00:18.7: PME: Signaling with IRQ 55
[    2.463084] pcieport 0000:00:18.7: pciehp: Slot #263 AttnBtn+ PwrCtrl+ MRL- AttnInd- PwrInd- HotPlug+ Surprise- Interlock- NoCompl+ IbPresDis- LLActRep+
[    2.464805] shpchp: Standard Hot Plug PCI Controller Driver version: 0.4
[    2.465734] ACPI: AC: AC Adapter [ACAD] (on-line)
[    2.465872] input: Power Button as /devices/LNXSYSTM:00/LNXPWRBN:00/input/input0
[    2.466113] ACPI: button: Power Button [PWRF]
[    2.505548] Serial: 8250/16550 driver, 32 ports, IRQ sharing enabled
[    2.559988] Linux agpgart interface v0.103
[    2.560541] agpgart-intel 0000:00:00.0: Intel 440BX Chipset
[    2.602776] agpgart-intel 0000:00:00.0: AGP aperture is 256M @ 0x0
[    2.714599] loop: module loaded
[    2.716448] ata_piix 0000:00:07.1: version 2.13
[    2.754285] scsi host0: ata_piix
[    2.756470] scsi host1: ata_piix
[    2.756655] ata1: PATA max UDMA/33 cmd 0x1f0 ctl 0x3f6 bmdma 0x1060 irq 14 lpm-pol 0
[    2.756665] ata2: PATA max UDMA/33 cmd 0x170 ctl 0x376 bmdma 0x1068 irq 15 lpm-pol 0
[    2.756798] ACPI: bus type drm_connector registered
[    2.758543] tun: Universal TUN/TAP device driver, 1.6
[    2.758891] PPP generic driver version 2.4.2
[    2.761569] uhci_hcd 0000:02:00.0: UHCI Host Controller
[    2.761584] uhci_hcd 0000:02:00.0: new USB bus registered, assigned bus number 1
[    2.761823] uhci_hcd 0000:02:00.0: detected 2 ports
[    2.762069] uhci_hcd 0000:02:00.0: irq 18, io port 0x000020c0
[    2.764353] usb usb1: New USB device found, idVendor=1d6b, idProduct=0001, bcdDevice= 6.11
[    2.764365] usb usb1: New USB device strings: Mfr=3, Product=2, SerialNumber=1
[    2.764394] usb usb1: Product: UHCI Host Controller
[    2.764418] usb usb1: Manufacturer: Linux 6.11.0-14-generic uhci_hcd
[    2.764426] usb usb1: SerialNumber: 0000:02:00.0
[    2.765231] hub 1-0:1.0: USB hub found
[    2.765407] hub 1-0:1.0: 2 ports detected
[    2.766501] ehci-pci 0000:02:03.0: EHCI Host Controller
[    2.766518] ehci-pci 0000:02:03.0: new USB bus registered, assigned bus number 2
[    2.766741] i8042: PNP: PS/2 Controller [PNP0303:KBC,PNP0f13:MOUS] at 0x60,0x64 irq 1,12
[    2.767264] ehci-pci 0000:02:03.0: irq 17, io mem 0xfd5ff000
[    2.802662] serio: i8042 KBD port at 0x60,0x64 irq 1
[    2.802691] serio: i8042 AUX port at 0x60,0x64 irq 12
[    2.803368] ehci-pci 0000:02:03.0: USB 2.0 started, EHCI 1.00
[    2.803802] mousedev: PS/2 mouse device common for all mice
[    2.804074] usb usb2: New USB device found, idVendor=1d6b, idProduct=0002, bcdDevice= 6.11
[    2.804084] usb usb2: New USB device strings: Mfr=3, Product=2, SerialNumber=1
[    2.804094] usb usb2: Product: EHCI Host Controller
[    2.804103] usb usb2: Manufacturer: Linux 6.11.0-14-generic ehci_hcd
[    2.804173] usb usb2: SerialNumber: 0000:02:03.0
[    2.804721] hub 2-0:1.0: USB hub found
[    2.804854] hub 2-0:1.0: 6 ports detected
[    2.805995] rtc_cmos 00:01: registered as rtc0
[    2.806222] rtc_cmos 00:01: setting system clock to 2025-04-21T13:56:32 UTC (1745243792)
[    2.806419] rtc_cmos 00:01: alarms up to one month, y3k, 114 bytes nvram
[    2.806475] i2c_dev: i2c /dev entries driver
[    2.806552] device-mapper: core: CONFIG_IMA_DISABLE_HTABLE is disabled. Duplicate IMA measurements will not be recorded in the IMA log.
[    2.806586] device-mapper: uevent: version 1.0.3
[    2.807380] device-mapper: ioctl: 4.48.0-ioctl (2023-03-01) initialised: dm-devel@lists.linux.dev
[    2.807444] platform eisa.0: Probing EISA bus 0
[    2.807672] platform eisa.0: EISA: Cannot allocate resource for mainboard
[    2.807683] platform eisa.0: Cannot allocate resource for EISA slot 1
[    2.807692] platform eisa.0: Cannot allocate resource for EISA slot 2
[    2.807701] platform eisa.0: Cannot allocate resource for EISA slot 3
[    2.807710] platform eisa.0: Cannot allocate resource for EISA slot 4
[    2.807719] platform eisa.0: Cannot allocate resource for EISA slot 5
[    2.807727] platform eisa.0: Cannot allocate resource for EISA slot 6
[    2.807736] platform eisa.0: Cannot allocate resource for EISA slot 7
[    2.807747] platform eisa.0: Cannot allocate resource for EISA slot 8
[    2.807758] platform eisa.0: EISA: Detected 0 cards
[    2.807785] intel_pstate: CPU model not supported
[    2.808694] ledtrig-cpu: registered to indicate activity on CPUs
[    2.809578] drop_monitor: Initializing network drop monitor service
[    2.809988] NET: Registered PF_INET6 protocol family
[    2.812398] input: AT Translated Set 2 keyboard as /devices/platform/i8042/serio0/input/input1
[    3.157372] usb 1-1: new full-speed USB device number 2 using uhci_hcd
[    3.366049] usb 1-1: New USB device found, idVendor=0e0f, idProduct=0003, bcdDevice= 1.03
[    3.366062] usb 1-1: New USB device strings: Mfr=1, Product=2, SerialNumber=0
[    3.366072] usb 1-1: Product: VMware Virtual USB Mouse
[    3.366081] usb 1-1: Manufacturer: VMware
[    3.554326] usb 1-2: new full-speed USB device number 3 using uhci_hcd
[    3.763648] usb 1-2: New USB device found, idVendor=0e0f, idProduct=0002, bcdDevice= 1.00
[    3.763663] usb 1-2: New USB device strings: Mfr=1, Product=2, SerialNumber=0
[    3.763673] usb 1-2: Product: VMware Virtual USB Hub
[    3.763682] usb 1-2: Manufacturer: VMware, Inc.
[    3.804804] hub 1-2:1.0: USB hub found
[    3.807826] hub 1-2:1.0: 7 ports detected
[    3.962651] Freeing initrd memory: 65960K
[    4.065048] Segment Routing with IPv6
[    4.065250] In-situ OAM (IOAM) with IPv6
[    4.065294] NET: Registered PF_PACKET protocol family
[    4.065884] Key type dns_resolver registered
[    4.069148] IPI shorthand broadcast: enabled
[    4.104803] sched_clock: Marking stable (3549031383, 555111174)->(6268162079, -2164019522)
[    4.105391] registered taskstats version 1
[    4.114745] Loading compiled-in X.509 certificates
[    4.115702] Loaded X.509 cert 'Build time autogenerated kernel key: 355ddc7b06bfa5cfbf65a55e3f570d2e22d083f5'
[    4.116058] Loaded X.509 cert 'Canonical Ltd. Live Patch Signing: 14df34d1a87cf37625abec039ef2bf521249b969'
[    4.116574] Loaded X.509 cert 'Canonical Ltd. Kernel Module Signing: 88f752e560a1e0737e31163a466ad7b70a850c19'
[    4.116592] blacklist: Loading compiled-in revocation X.509 certificates
[    4.116615] Loaded X.509 cert 'Canonical Ltd. Secure Boot Signing: 61482aa2830d0ab2ad5af10b7250da9033ddcef0'
[    4.116637] Loaded X.509 cert 'Canonical Ltd. Secure Boot Signing (2017): 242ade75ac4a15e50d50c84b0d45ff3eae707a03'
[    4.116657] Loaded X.509 cert 'Canonical Ltd. Secure Boot Signing (ESM 2018): 365188c1d374d6b07c3c8f240f8ef722433d6a8b'
[    4.116679] Loaded X.509 cert 'Canonical Ltd. Secure Boot Signing (2019): c0746fd6c5da3ae827864651ad66ae47fe24b3e8'
[    4.116713] Loaded X.509 cert 'Canonical Ltd. Secure Boot Signing (2021 v1): a8d54bbb3825cfb94fa13c9f8a594a195c107b8d'
[    4.116734] Loaded X.509 cert 'Canonical Ltd. Secure Boot Signing (2021 v2): 4cf046892d6fd3c9a5b03f98d845f90851dc6a8c'
[    4.116815] Loaded X.509 cert 'Canonical Ltd. Secure Boot Signing (2021 v3): 100437bb6de6e469b581e61cd66bce3ef4ed53af'
[    4.116840] Loaded X.509 cert 'Canonical Ltd. Secure Boot Signing (Ubuntu Core 2019): c1d57b8f6b743f23ee41f4f7ee292f06eecadfb9'
[    4.163923] Demotion targets for Node 0: null
[    4.167023] Key type .fscrypt registered
[    4.167033] Key type fscrypt-provisioning registered
[    4.409356] Key type encrypted registered
[    4.409377] AppArmor: AppArmor sha256 policy hashing enabled
[    4.409414] ima: No TPM chip found, activating TPM-bypass!
[    4.409425] Loading compiled-in module X.509 certificates
[    4.409893] Loaded X.509 cert 'Build time autogenerated kernel key: 355ddc7b06bfa5cfbf65a55e3f570d2e22d083f5'
[    4.409905] ima: Allocated hash algorithm: sha256
